Archive member included because of file (symbol)

c:/program files (x86)/atmel/atmel toolchain/avr8 gcc/native/3.4.1061/avr8-gnu-toolchain/bin/../lib/gcc/avr/4.8.1/../../../../avr/lib/avr5\libm.a(addsf3.o)
                              Drivers/Motor.o (__subsf3)
c:/program files (x86)/atmel/atmel toolchain/avr8 gcc/native/3.4.1061/avr8-gnu-toolchain/bin/../lib/gcc/avr/4.8.1/../../../../avr/lib/avr5\libm.a(addsf3x.o)
                              c:/program files (x86)/atmel/atmel toolchain/avr8 gcc/native/3.4.1061/avr8-gnu-toolchain/bin/../lib/gcc/avr/4.8.1/../../../../avr/lib/avr5\libm.a(addsf3.o) (__addsf3x)
c:/program files (x86)/atmel/atmel toolchain/avr8 gcc/native/3.4.1061/avr8-gnu-toolchain/bin/../lib/gcc/avr/4.8.1/../../../../avr/lib/avr5\libm.a(cmpsf2.o)
                              Drivers/Motor.o (__eqsf2)
c:/program files (x86)/atmel/atmel toolchain/avr8 gcc/native/3.4.1061/avr8-gnu-toolchain/bin/../lib/gcc/avr/4.8.1/../../../../avr/lib/avr5\libm.a(fixunssfsi.o)
                              Drivers/Motor.o (__fixunssfsi)
c:/program files (x86)/atmel/atmel toolchain/avr8 gcc/native/3.4.1061/avr8-gnu-toolchain/bin/../lib/gcc/avr/4.8.1/../../../../avr/lib/avr5\libm.a(floatsisf.o)
                              Drivers/Motor.o (__floatunsisf)
c:/program files (x86)/atmel/atmel toolchain/avr8 gcc/native/3.4.1061/avr8-gnu-toolchain/bin/../lib/gcc/avr/4.8.1/../../../../avr/lib/avr5\libm.a(fp_cmp.o)
                              c:/program files (x86)/atmel/atmel toolchain/avr8 gcc/native/3.4.1061/avr8-gnu-toolchain/bin/../lib/gcc/avr/4.8.1/../../../../avr/lib/avr5\libm.a(cmpsf2.o) (__fp_cmp)
c:/program files (x86)/atmel/atmel toolchain/avr8 gcc/native/3.4.1061/avr8-gnu-toolchain/bin/../lib/gcc/avr/4.8.1/../../../../avr/lib/avr5\libm.a(fp_inf.o)
                              c:/program files (x86)/atmel/atmel toolchain/avr8 gcc/native/3.4.1061/avr8-gnu-toolchain/bin/../lib/gcc/avr/4.8.1/../../../../avr/lib/avr5\libm.a(addsf3x.o) (__fp_inf)
c:/program files (x86)/atmel/atmel toolchain/avr8 gcc/native/3.4.1061/avr8-gnu-toolchain/bin/../lib/gcc/avr/4.8.1/../../../../avr/lib/avr5\libm.a(fp_nan.o)
                              c:/program files (x86)/atmel/atmel toolchain/avr8 gcc/native/3.4.1061/avr8-gnu-toolchain/bin/../lib/gcc/avr/4.8.1/../../../../avr/lib/avr5\libm.a(addsf3x.o) (__fp_nan)
c:/program files (x86)/atmel/atmel toolchain/avr8 gcc/native/3.4.1061/avr8-gnu-toolchain/bin/../lib/gcc/avr/4.8.1/../../../../avr/lib/avr5\libm.a(fp_pscA.o)
                              c:/program files (x86)/atmel/atmel toolchain/avr8 gcc/native/3.4.1061/avr8-gnu-toolchain/bin/../lib/gcc/avr/4.8.1/../../../../avr/lib/avr5\libm.a(addsf3x.o) (__fp_pscA)
c:/program files (x86)/atmel/atmel toolchain/avr8 gcc/native/3.4.1061/avr8-gnu-toolchain/bin/../lib/gcc/avr/4.8.1/../../../../avr/lib/avr5\libm.a(fp_pscB.o)
                              c:/program files (x86)/atmel/atmel toolchain/avr8 gcc/native/3.4.1061/avr8-gnu-toolchain/bin/../lib/gcc/avr/4.8.1/../../../../avr/lib/avr5\libm.a(addsf3x.o) (__fp_pscB)
c:/program files (x86)/atmel/atmel toolchain/avr8 gcc/native/3.4.1061/avr8-gnu-toolchain/bin/../lib/gcc/avr/4.8.1/../../../../avr/lib/avr5\libm.a(fp_round.o)
                              c:/program files (x86)/atmel/atmel toolchain/avr8 gcc/native/3.4.1061/avr8-gnu-toolchain/bin/../lib/gcc/avr/4.8.1/../../../../avr/lib/avr5\libm.a(addsf3.o) (__fp_round)
c:/program files (x86)/atmel/atmel toolchain/avr8 gcc/native/3.4.1061/avr8-gnu-toolchain/bin/../lib/gcc/avr/4.8.1/../../../../avr/lib/avr5\libm.a(fp_split3.o)
                              c:/program files (x86)/atmel/atmel toolchain/avr8 gcc/native/3.4.1061/avr8-gnu-toolchain/bin/../lib/gcc/avr/4.8.1/../../../../avr/lib/avr5\libm.a(addsf3x.o) (__fp_split3)
c:/program files (x86)/atmel/atmel toolchain/avr8 gcc/native/3.4.1061/avr8-gnu-toolchain/bin/../lib/gcc/avr/4.8.1/../../../../avr/lib/avr5\libm.a(fp_zero.o)
                              c:/program files (x86)/atmel/atmel toolchain/avr8 gcc/native/3.4.1061/avr8-gnu-toolchain/bin/../lib/gcc/avr/4.8.1/../../../../avr/lib/avr5\libm.a(addsf3x.o) (__fp_zero)
c:/program files (x86)/atmel/atmel toolchain/avr8 gcc/native/3.4.1061/avr8-gnu-toolchain/bin/../lib/gcc/avr/4.8.1/../../../../avr/lib/avr5\libm.a(gesf2.o)
                              Drivers/Motor.o (__gesf2)
c:/program files (x86)/atmel/atmel toolchain/avr8 gcc/native/3.4.1061/avr8-gnu-toolchain/bin/../lib/gcc/avr/4.8.1/../../../../avr/lib/avr5\libm.a(mulsf3.o)
                              Drivers/Motor.o (__mulsf3)
c:/program files (x86)/atmel/atmel toolchain/avr8 gcc/native/3.4.1061/avr8-gnu-toolchain/bin/../lib/gcc/avr/4.8.1/../../../../avr/lib/avr5\libm.a(mulsf3x.o)
                              c:/program files (x86)/atmel/atmel toolchain/avr8 gcc/native/3.4.1061/avr8-gnu-toolchain/bin/../lib/gcc/avr/4.8.1/../../../../avr/lib/avr5\libm.a(mulsf3.o) (__mulsf3x)
c:/program files (x86)/atmel/atmel toolchain/avr8 gcc/native/3.4.1061/avr8-gnu-toolchain/bin/../lib/gcc/avr/4.8.1/avr5\libgcc.a(_udivmodsi4.o)
                              Drivers/serial.o (__udivmodsi4)
c:/program files (x86)/atmel/atmel toolchain/avr8 gcc/native/3.4.1061/avr8-gnu-toolchain/bin/../lib/gcc/avr/4.8.1/avr5\libgcc.a(_exit.o)
                              c:/program files (x86)/atmel/atmel toolchain/avr8 gcc/native/3.4.1061/avr8-gnu-toolchain/bin/../lib/gcc/avr/4.8.1/../../../../avr/lib/avr5/crtm328p.o (exit)
c:/program files (x86)/atmel/atmel toolchain/avr8 gcc/native/3.4.1061/avr8-gnu-toolchain/bin/../lib/gcc/avr/4.8.1/avr5\libgcc.a(_copy_data.o)
                              Drivers/Motor.o (__do_copy_data)
c:/program files (x86)/atmel/atmel toolchain/avr8 gcc/native/3.4.1061/avr8-gnu-toolchain/bin/../lib/gcc/avr/4.8.1/avr5\libgcc.a(_clear_bss.o)
                              Drivers/Motor.o (__do_clear_bss)
c:/program files (x86)/atmel/atmel toolchain/avr8 gcc/native/3.4.1061/avr8-gnu-toolchain/bin/../lib/gcc/avr/4.8.1/../../../../avr/lib/avr5\libc.a(memcpy.o)
                              RTOS/Source/queue.o (memcpy)
c:/program files (x86)/atmel/atmel toolchain/avr8 gcc/native/3.4.1061/avr8-gnu-toolchain/bin/../lib/gcc/avr/4.8.1/../../../../avr/lib/avr5\libc.a(memset.o)
                              RTOS/Source/tasks.o (memset)
c:/program files (x86)/atmel/atmel toolchain/avr8 gcc/native/3.4.1061/avr8-gnu-toolchain/bin/../lib/gcc/avr/4.8.1/../../../../avr/lib/avr5\libc.a(sprintf.o)
                              usart_task.o (sprintf)
c:/program files (x86)/atmel/atmel toolchain/avr8 gcc/native/3.4.1061/avr8-gnu-toolchain/bin/../lib/gcc/avr/4.8.1/../../../../avr/lib/avr5\libc.a(vfprintf_std.o)
                              c:/program files (x86)/atmel/atmel toolchain/avr8 gcc/native/3.4.1061/avr8-gnu-toolchain/bin/../lib/gcc/avr/4.8.1/../../../../avr/lib/avr5\libc.a(sprintf.o) (vfprintf)
c:/program files (x86)/atmel/atmel toolchain/avr8 gcc/native/3.4.1061/avr8-gnu-toolchain/bin/../lib/gcc/avr/4.8.1/../../../../avr/lib/avr5\libc.a(eerd_block_atmega328p.o)
                              main.o (__eerd_block_m328p)
c:/program files (x86)/atmel/atmel toolchain/avr8 gcc/native/3.4.1061/avr8-gnu-toolchain/bin/../lib/gcc/avr/4.8.1/../../../../avr/lib/avr5\libc.a(eewr_byte_atmega328p.o)
                              main.o (__eewr_byte_m328p)
c:/program files (x86)/atmel/atmel toolchain/avr8 gcc/native/3.4.1061/avr8-gnu-toolchain/bin/../lib/gcc/avr/4.8.1/../../../../avr/lib/avr5\libc.a(strnlen_P.o)
                              c:/program files (x86)/atmel/atmel toolchain/avr8 gcc/native/3.4.1061/avr8-gnu-toolchain/bin/../lib/gcc/avr/4.8.1/../../../../avr/lib/avr5\libc.a(vfprintf_std.o) (strnlen_P)
c:/program files (x86)/atmel/atmel toolchain/avr8 gcc/native/3.4.1061/avr8-gnu-toolchain/bin/../lib/gcc/avr/4.8.1/../../../../avr/lib/avr5\libc.a(strnlen.o)
                              c:/program files (x86)/atmel/atmel toolchain/avr8 gcc/native/3.4.1061/avr8-gnu-toolchain/bin/../lib/gcc/avr/4.8.1/../../../../avr/lib/avr5\libc.a(vfprintf_std.o) (strnlen)
c:/program files (x86)/atmel/atmel toolchain/avr8 gcc/native/3.4.1061/avr8-gnu-toolchain/bin/../lib/gcc/avr/4.8.1/../../../../avr/lib/avr5\libc.a(fputc.o)
                              c:/program files (x86)/atmel/atmel toolchain/avr8 gcc/native/3.4.1061/avr8-gnu-toolchain/bin/../lib/gcc/avr/4.8.1/../../../../avr/lib/avr5\libc.a(vfprintf_std.o) (fputc)
c:/program files (x86)/atmel/atmel toolchain/avr8 gcc/native/3.4.1061/avr8-gnu-toolchain/bin/../lib/gcc/avr/4.8.1/../../../../avr/lib/avr5\libc.a(ultoa_invert.o)
                              c:/program files (x86)/atmel/atmel toolchain/avr8 gcc/native/3.4.1061/avr8-gnu-toolchain/bin/../lib/gcc/avr/4.8.1/../../../../avr/lib/avr5\libc.a(vfprintf_std.o) (__ultoa_invert)
c:/program files (x86)/atmel/atmel toolchain/avr8 gcc/native/3.4.1061/avr8-gnu-toolchain/bin/../lib/gcc/avr/4.8.1/avr5\libgcc.a(_prologue.o)
                              c:/program files (x86)/atmel/atmel toolchain/avr8 gcc/native/3.4.1061/avr8-gnu-toolchain/bin/../lib/gcc/avr/4.8.1/../../../../avr/lib/avr5\libc.a(sprintf.o) (__prologue_saves__)
c:/program files (x86)/atmel/atmel toolchain/avr8 gcc/native/3.4.1061/avr8-gnu-toolchain/bin/../lib/gcc/avr/4.8.1/avr5\libgcc.a(_epilogue.o)
                              c:/program files (x86)/atmel/atmel toolchain/avr8 gcc/native/3.4.1061/avr8-gnu-toolchain/bin/../lib/gcc/avr/4.8.1/../../../../avr/lib/avr5\libc.a(sprintf.o) (__epilogue_restores__)

Allocating common symbols
Common symbol       size              file

txWater             0x5               usart_task.o
comTaskHandle       0x2               usart_task.o
xQueueRegistry      0x28              RTOS/Source/queue.o
ledTaskHandle       0x2               Drivers/flash.o
ledTaskRate         0x2               Drivers/flash.o
VMOtorRamp_Handle   0x2               Drivers/Motor.o
clkElapsed          0x2               Drivers/Motor.o
motor_semaphore     0x2               Drivers/Motor.o

Discarded input sections

 .data          0x00000000        0x0 c:/program files (x86)/atmel/atmel toolchain/avr8 gcc/native/3.4.1061/avr8-gnu-toolchain/bin/../lib/gcc/avr/4.8.1/../../../../avr/lib/avr5/crtm328p.o
 .bss           0x00000000        0x0 c:/program files (x86)/atmel/atmel toolchain/avr8 gcc/native/3.4.1061/avr8-gnu-toolchain/bin/../lib/gcc/avr/4.8.1/../../../../avr/lib/avr5/crtm328p.o
 .text          0x00000000        0x0 Drivers/Motor.o
 .data          0x00000000        0x0 Drivers/Motor.o
 .bss           0x00000000        0x0 Drivers/Motor.o
 .text          0x00000000        0x0 Drivers/serial.o
 .data          0x00000000        0x0 Drivers/serial.o
 .bss           0x00000000        0x0 Drivers/serial.o
 .text.vSerialClose
                0x00000000       0x5c Drivers/serial.o
 .text          0x00000000        0x0 main.o
 .data          0x00000000        0x0 main.o
 .bss           0x00000000        0x0 main.o
 .text.prvIncrementResetCount
                0x00000000       0x34 main.o
 .text          0x00000000        0x0 RTOS/Source/640port/MemMang/heap_1.o
 .data          0x00000000        0x0 RTOS/Source/640port/MemMang/heap_1.o
 .bss           0x00000000        0x0 RTOS/Source/640port/MemMang/heap_1.o
 .text.vPortInitialiseBlocks
                0x00000000       0x16 RTOS/Source/640port/MemMang/heap_1.o
 .text.xPortGetFreeHeapSize
                0x00000000       0x22 RTOS/Source/640port/MemMang/heap_1.o
 .text          0x00000000        0x0 RTOS/Source/640port/port.o
 .data          0x00000000        0x0 RTOS/Source/640port/port.o
 .bss           0x00000000        0x0 RTOS/Source/640port/port.o
 .text.vPortEndScheduler
                0x00000000        0xe RTOS/Source/640port/port.o
 .text          0x00000000        0x0 RTOS/Source/croutine.o
 .data          0x00000000        0x0 RTOS/Source/croutine.o
 .bss           0x00000000        0x0 RTOS/Source/croutine.o
 .bss.pxReadyCoRoutineLists
                0x00000000       0x12 RTOS/Source/croutine.o
 .bss.xDelayedCoRoutineList1
                0x00000000        0x9 RTOS/Source/croutine.o
 .bss.xDelayedCoRoutineList2
                0x00000000        0x9 RTOS/Source/croutine.o
 .bss.pxDelayedCoRoutineList
                0x00000000        0x2 RTOS/Source/croutine.o
 .bss.pxOverflowDelayedCoRoutineList
                0x00000000        0x2 RTOS/Source/croutine.o
 .bss.xPendingReadyCoRoutineList
                0x00000000        0x9 RTOS/Source/croutine.o
 .bss.pxCurrentCoRoutine
                0x00000000        0x2 RTOS/Source/croutine.o
 .bss.uxTopCoRoutineReadyPriority
                0x00000000        0x1 RTOS/Source/croutine.o
 .bss.xCoRoutineTickCount
                0x00000000        0x2 RTOS/Source/croutine.o
 .bss.xLastTickCount
                0x00000000        0x2 RTOS/Source/croutine.o
 .bss.xPassedTicks
                0x00000000        0x2 RTOS/Source/croutine.o
 .text.xCoRoutineCreate
                0x00000000      0x138 RTOS/Source/croutine.o
 .text.vCoRoutineAddToDelayedList
                0x00000000       0xc8 RTOS/Source/croutine.o
 .text.prvCheckPendingReadyList
                0x00000000       0x98 RTOS/Source/croutine.o
 .text.prvCheckDelayedList
                0x00000000      0x16c RTOS/Source/croutine.o
 .text.vCoRoutineSchedule
                0x00000000      0x106 RTOS/Source/croutine.o
 .text.prvInitialiseCoRoutineLists
                0x00000000       0x72 RTOS/Source/croutine.o
 .text.xCoRoutineRemoveFromEventList
                0x00000000       0x72 RTOS/Source/croutine.o
 .debug_info    0x00000000      0x4d7 RTOS/Source/croutine.o
 .debug_abbrev  0x00000000      0x182 RTOS/Source/croutine.o
 .debug_loc     0x00000000      0x1f7 RTOS/Source/croutine.o
 .debug_aranges
                0x00000000       0x50 RTOS/Source/croutine.o
 .debug_ranges  0x00000000       0x40 RTOS/Source/croutine.o
 .debug_line    0x00000000      0x232 RTOS/Source/croutine.o
 .debug_str     0x00000000      0x4b3 RTOS/Source/croutine.o
 .comment       0x00000000       0x31 RTOS/Source/croutine.o
 .debug_frame   0x00000000       0xf4 RTOS/Source/croutine.o
 .text          0x00000000        0x0 RTOS/Source/list.o
 .data          0x00000000        0x0 RTOS/Source/list.o
 .bss           0x00000000        0x0 RTOS/Source/list.o
 .text          0x00000000        0x0 RTOS/Source/queue.o
 .data          0x00000000        0x0 RTOS/Source/queue.o
 .bss           0x00000000        0x0 RTOS/Source/queue.o
 .text.xQueuePeekFromISR
                0x00000000       0x78 RTOS/Source/queue.o
 .text.uxQueueMessagesWaiting
                0x00000000       0x32 RTOS/Source/queue.o
 .text.uxQueueSpacesAvailable
                0x00000000       0x4e RTOS/Source/queue.o
 .text.uxQueueMessagesWaitingFromISR
                0x00000000       0x28 RTOS/Source/queue.o
 .text.vQueueDelete
                0x00000000       0x52 RTOS/Source/queue.o
 .text.xQueueIsQueueEmptyFromISR
                0x00000000       0x32 RTOS/Source/queue.o
 .text.xQueueIsQueueFullFromISR
                0x00000000       0x3a RTOS/Source/queue.o
 .text.vQueueUnregisterQueue
                0x00000000       0x68 RTOS/Source/queue.o
 .text          0x00000000        0x0 RTOS/Source/tasks.o
 .data          0x00000000        0x0 RTOS/Source/tasks.o
 .bss           0x00000000        0x0 RTOS/Source/tasks.o
 .text.xTaskResumeFromISR
                0x00000000       0xce RTOS/Source/tasks.o
 .text.vTaskEndScheduler
                0x00000000       0x18 RTOS/Source/tasks.o
 .text.xTaskGetTickCountFromISR
                0x00000000       0x2a RTOS/Source/tasks.o
 .text.uxTaskGetNumberOfTasks
                0x00000000       0x12 RTOS/Source/tasks.o
 .text.vTaskPlaceOnUnorderedEventList
                0x00000000       0xaa RTOS/Source/tasks.o
 .text.xTaskRemoveFromUnorderedEventList
                0x00000000       0xd6 RTOS/Source/tasks.o
 .text.prvTaskCheckFreeStackSpace
                0x00000000       0x5e RTOS/Source/tasks.o
 .text.uxTaskGetStackHighWaterMark
                0x00000000       0x5e RTOS/Source/tasks.o
 .text.uxTaskResetEventItemValue
                0x00000000       0x54 RTOS/Source/tasks.o
 .text          0x00000000        0x0 Drivers/flash.o
 .data          0x00000000        0x0 Drivers/flash.o
 .bss           0x00000000        0x0 Drivers/flash.o
 .bss.uxFlashTaskNumber
                0x00000000        0x1 Drivers/flash.o
 .text          0x00000000        0x0 Drivers/ZPDC_LED_Peripherals.o
 .data          0x00000000        0x0 Drivers/ZPDC_LED_Peripherals.o
 .bss           0x00000000        0x0 Drivers/ZPDC_LED_Peripherals.o
 .text          0x00000000        0x0 usart_task.o
 .data          0x00000000        0x0 usart_task.o
 .bss           0x00000000        0x0 usart_task.o
 .data.chTaskA  0x00000000        0x4 usart_task.o
 .data.chTaskB  0x00000000        0x4 usart_task.o
 .data.chTaskC  0x00000000        0x4 usart_task.o
 .data.chTaskD  0x00000000        0x4 usart_task.o
 .data.chTaskE  0x00000000        0x4 usart_task.o
 .data.chNL     0x00000000        0x2 usart_task.o
 .text.fnPrintWaterMark
                0x00000000       0xf2 usart_task.o
 .text          0x00000000        0x0 c:/program files (x86)/atmel/atmel toolchain/avr8 gcc/native/3.4.1061/avr8-gnu-toolchain/bin/../lib/gcc/avr/4.8.1/../../../../avr/lib/avr5\libm.a(addsf3.o)
 .data          0x00000000        0x0 c:/program files (x86)/atmel/atmel toolchain/avr8 gcc/native/3.4.1061/avr8-gnu-toolchain/bin/../lib/gcc/avr/4.8.1/../../../../avr/lib/avr5\libm.a(addsf3.o)
 .bss           0x00000000        0x0 c:/program files (x86)/atmel/atmel toolchain/avr8 gcc/native/3.4.1061/avr8-gnu-toolchain/bin/../lib/gcc/avr/4.8.1/../../../../avr/lib/avr5\libm.a(addsf3.o)
 .text          0x00000000        0x0 c:/program files (x86)/atmel/atmel toolchain/avr8 gcc/native/3.4.1061/avr8-gnu-toolchain/bin/../lib/gcc/avr/4.8.1/../../../../avr/lib/avr5\libm.a(addsf3x.o)
 .data          0x00000000        0x0 c:/program files (x86)/atmel/atmel toolchain/avr8 gcc/native/3.4.1061/avr8-gnu-toolchain/bin/../lib/gcc/avr/4.8.1/../../../../avr/lib/avr5\libm.a(addsf3x.o)
 .bss           0x00000000        0x0 c:/program files (x86)/atmel/atmel toolchain/avr8 gcc/native/3.4.1061/avr8-gnu-toolchain/bin/../lib/gcc/avr/4.8.1/../../../../avr/lib/avr5\libm.a(addsf3x.o)
 .text          0x00000000        0x0 c:/program files (x86)/atmel/atmel toolchain/avr8 gcc/native/3.4.1061/avr8-gnu-toolchain/bin/../lib/gcc/avr/4.8.1/../../../../avr/lib/avr5\libm.a(cmpsf2.o)
 .data          0x00000000        0x0 c:/program files (x86)/atmel/atmel toolchain/avr8 gcc/native/3.4.1061/avr8-gnu-toolchain/bin/../lib/gcc/avr/4.8.1/../../../../avr/lib/avr5\libm.a(cmpsf2.o)
 .bss           0x00000000        0x0 c:/program files (x86)/atmel/atmel toolchain/avr8 gcc/native/3.4.1061/avr8-gnu-toolchain/bin/../lib/gcc/avr/4.8.1/../../../../avr/lib/avr5\libm.a(cmpsf2.o)
 .text          0x00000000        0x0 c:/program files (x86)/atmel/atmel toolchain/avr8 gcc/native/3.4.1061/avr8-gnu-toolchain/bin/../lib/gcc/avr/4.8.1/../../../../avr/lib/avr5\libm.a(fixunssfsi.o)
 .data          0x00000000        0x0 c:/program files (x86)/atmel/atmel toolchain/avr8 gcc/native/3.4.1061/avr8-gnu-toolchain/bin/../lib/gcc/avr/4.8.1/../../../../avr/lib/avr5\libm.a(fixunssfsi.o)
 .bss           0x00000000        0x0 c:/program files (x86)/atmel/atmel toolchain/avr8 gcc/native/3.4.1061/avr8-gnu-toolchain/bin/../lib/gcc/avr/4.8.1/../../../../avr/lib/avr5\libm.a(fixunssfsi.o)
 .text          0x00000000        0x0 c:/program files (x86)/atmel/atmel toolchain/avr8 gcc/native/3.4.1061/avr8-gnu-toolchain/bin/../lib/gcc/avr/4.8.1/../../../../avr/lib/avr5\libm.a(floatsisf.o)
 .data          0x00000000        0x0 c:/program files (x86)/atmel/atmel toolchain/avr8 gcc/native/3.4.1061/avr8-gnu-toolchain/bin/../lib/gcc/avr/4.8.1/../../../../avr/lib/avr5\libm.a(floatsisf.o)
 .bss           0x00000000        0x0 c:/program files (x86)/atmel/atmel toolchain/avr8 gcc/native/3.4.1061/avr8-gnu-toolchain/bin/../lib/gcc/avr/4.8.1/../../../../avr/lib/avr5\libm.a(floatsisf.o)
 .text          0x00000000        0x0 c:/program files (x86)/atmel/atmel toolchain/avr8 gcc/native/3.4.1061/avr8-gnu-toolchain/bin/../lib/gcc/avr/4.8.1/../../../../avr/lib/avr5\libm.a(fp_cmp.o)
 .data          0x00000000        0x0 c:/program files (x86)/atmel/atmel toolchain/avr8 gcc/native/3.4.1061/avr8-gnu-toolchain/bin/../lib/gcc/avr/4.8.1/../../../../avr/lib/avr5\libm.a(fp_cmp.o)
 .bss           0x00000000        0x0 c:/program files (x86)/atmel/atmel toolchain/avr8 gcc/native/3.4.1061/avr8-gnu-toolchain/bin/../lib/gcc/avr/4.8.1/../../../../avr/lib/avr5\libm.a(fp_cmp.o)
 .text          0x00000000        0x0 c:/program files (x86)/atmel/atmel toolchain/avr8 gcc/native/3.4.1061/avr8-gnu-toolchain/bin/../lib/gcc/avr/4.8.1/../../../../avr/lib/avr5\libm.a(fp_inf.o)
 .data          0x00000000        0x0 c:/program files (x86)/atmel/atmel toolchain/avr8 gcc/native/3.4.1061/avr8-gnu-toolchain/bin/../lib/gcc/avr/4.8.1/../../../../avr/lib/avr5\libm.a(fp_inf.o)
 .bss           0x00000000        0x0 c:/program files (x86)/atmel/atmel toolchain/avr8 gcc/native/3.4.1061/avr8-gnu-toolchain/bin/../lib/gcc/avr/4.8.1/../../../../avr/lib/avr5\libm.a(fp_inf.o)
 .text          0x00000000        0x0 c:/program files (x86)/atmel/atmel toolchain/avr8 gcc/native/3.4.1061/avr8-gnu-toolchain/bin/../lib/gcc/avr/4.8.1/../../../../avr/lib/avr5\libm.a(fp_nan.o)
 .data          0x00000000        0x0 c:/program files (x86)/atmel/atmel toolchain/avr8 gcc/native/3.4.1061/avr8-gnu-toolchain/bin/../lib/gcc/avr/4.8.1/../../../../avr/lib/avr5\libm.a(fp_nan.o)
 .bss           0x00000000        0x0 c:/program files (x86)/atmel/atmel toolchain/avr8 gcc/native/3.4.1061/avr8-gnu-toolchain/bin/../lib/gcc/avr/4.8.1/../../../../avr/lib/avr5\libm.a(fp_nan.o)
 .text          0x00000000        0x0 c:/program files (x86)/atmel/atmel toolchain/avr8 gcc/native/3.4.1061/avr8-gnu-toolchain/bin/../lib/gcc/avr/4.8.1/../../../../avr/lib/avr5\libm.a(fp_pscA.o)
 .data          0x00000000        0x0 c:/program files (x86)/atmel/atmel toolchain/avr8 gcc/native/3.4.1061/avr8-gnu-toolchain/bin/../lib/gcc/avr/4.8.1/../../../../avr/lib/avr5\libm.a(fp_pscA.o)
 .bss           0x00000000        0x0 c:/program files (x86)/atmel/atmel toolchain/avr8 gcc/native/3.4.1061/avr8-gnu-toolchain/bin/../lib/gcc/avr/4.8.1/../../../../avr/lib/avr5\libm.a(fp_pscA.o)
 .text          0x00000000        0x0 c:/program files (x86)/atmel/atmel toolchain/avr8 gcc/native/3.4.1061/avr8-gnu-toolchain/bin/../lib/gcc/avr/4.8.1/../../../../avr/lib/avr5\libm.a(fp_pscB.o)
 .data          0x00000000        0x0 c:/program files (x86)/atmel/atmel toolchain/avr8 gcc/native/3.4.1061/avr8-gnu-toolchain/bin/../lib/gcc/avr/4.8.1/../../../../avr/lib/avr5\libm.a(fp_pscB.o)
 .bss           0x00000000        0x0 c:/program files (x86)/atmel/atmel toolchain/avr8 gcc/native/3.4.1061/avr8-gnu-toolchain/bin/../lib/gcc/avr/4.8.1/../../../../avr/lib/avr5\libm.a(fp_pscB.o)
 .text          0x00000000        0x0 c:/program files (x86)/atmel/atmel toolchain/avr8 gcc/native/3.4.1061/avr8-gnu-toolchain/bin/../lib/gcc/avr/4.8.1/../../../../avr/lib/avr5\libm.a(fp_round.o)
 .data          0x00000000        0x0 c:/program files (x86)/atmel/atmel toolchain/avr8 gcc/native/3.4.1061/avr8-gnu-toolchain/bin/../lib/gcc/avr/4.8.1/../../../../avr/lib/avr5\libm.a(fp_round.o)
 .bss           0x00000000        0x0 c:/program files (x86)/atmel/atmel toolchain/avr8 gcc/native/3.4.1061/avr8-gnu-toolchain/bin/../lib/gcc/avr/4.8.1/../../../../avr/lib/avr5\libm.a(fp_round.o)
 .text          0x00000000        0x0 c:/program files (x86)/atmel/atmel toolchain/avr8 gcc/native/3.4.1061/avr8-gnu-toolchain/bin/../lib/gcc/avr/4.8.1/../../../../avr/lib/avr5\libm.a(fp_split3.o)
 .data          0x00000000        0x0 c:/program files (x86)/atmel/atmel toolchain/avr8 gcc/native/3.4.1061/avr8-gnu-toolchain/bin/../lib/gcc/avr/4.8.1/../../../../avr/lib/avr5\libm.a(fp_split3.o)
 .bss           0x00000000        0x0 c:/program files (x86)/atmel/atmel toolchain/avr8 gcc/native/3.4.1061/avr8-gnu-toolchain/bin/../lib/gcc/avr/4.8.1/../../../../avr/lib/avr5\libm.a(fp_split3.o)
 .text          0x00000000        0x0 c:/program files (x86)/atmel/atmel toolchain/avr8 gcc/native/3.4.1061/avr8-gnu-toolchain/bin/../lib/gcc/avr/4.8.1/../../../../avr/lib/avr5\libm.a(fp_zero.o)
 .data          0x00000000        0x0 c:/program files (x86)/atmel/atmel toolchain/avr8 gcc/native/3.4.1061/avr8-gnu-toolchain/bin/../lib/gcc/avr/4.8.1/../../../../avr/lib/avr5\libm.a(fp_zero.o)
 .bss           0x00000000        0x0 c:/program files (x86)/atmel/atmel toolchain/avr8 gcc/native/3.4.1061/avr8-gnu-toolchain/bin/../lib/gcc/avr/4.8.1/../../../../avr/lib/avr5\libm.a(fp_zero.o)
 .text          0x00000000        0x0 c:/program files (x86)/atmel/atmel toolchain/avr8 gcc/native/3.4.1061/avr8-gnu-toolchain/bin/../lib/gcc/avr/4.8.1/../../../../avr/lib/avr5\libm.a(gesf2.o)
 .data          0x00000000        0x0 c:/program files (x86)/atmel/atmel toolchain/avr8 gcc/native/3.4.1061/avr8-gnu-toolchain/bin/../lib/gcc/avr/4.8.1/../../../../avr/lib/avr5\libm.a(gesf2.o)
 .bss           0x00000000        0x0 c:/program files (x86)/atmel/atmel toolchain/avr8 gcc/native/3.4.1061/avr8-gnu-toolchain/bin/../lib/gcc/avr/4.8.1/../../../../avr/lib/avr5\libm.a(gesf2.o)
 .text          0x00000000        0x0 c:/program files (x86)/atmel/atmel toolchain/avr8 gcc/native/3.4.1061/avr8-gnu-toolchain/bin/../lib/gcc/avr/4.8.1/../../../../avr/lib/avr5\libm.a(mulsf3.o)
 .data          0x00000000        0x0 c:/program files (x86)/atmel/atmel toolchain/avr8 gcc/native/3.4.1061/avr8-gnu-toolchain/bin/../lib/gcc/avr/4.8.1/../../../../avr/lib/avr5\libm.a(mulsf3.o)
 .bss           0x00000000        0x0 c:/program files (x86)/atmel/atmel toolchain/avr8 gcc/native/3.4.1061/avr8-gnu-toolchain/bin/../lib/gcc/avr/4.8.1/../../../../avr/lib/avr5\libm.a(mulsf3.o)
 .text          0x00000000        0x0 c:/program files (x86)/atmel/atmel toolchain/avr8 gcc/native/3.4.1061/avr8-gnu-toolchain/bin/../lib/gcc/avr/4.8.1/../../../../avr/lib/avr5\libm.a(mulsf3x.o)
 .data          0x00000000        0x0 c:/program files (x86)/atmel/atmel toolchain/avr8 gcc/native/3.4.1061/avr8-gnu-toolchain/bin/../lib/gcc/avr/4.8.1/../../../../avr/lib/avr5\libm.a(mulsf3x.o)
 .bss           0x00000000        0x0 c:/program files (x86)/atmel/atmel toolchain/avr8 gcc/native/3.4.1061/avr8-gnu-toolchain/bin/../lib/gcc/avr/4.8.1/../../../../avr/lib/avr5\libm.a(mulsf3x.o)
 .text          0x00000000        0x0 c:/program files (x86)/atmel/atmel toolchain/avr8 gcc/native/3.4.1061/avr8-gnu-toolchain/bin/../lib/gcc/avr/4.8.1/avr5\libgcc.a(_udivmodsi4.o)
 .data          0x00000000        0x0 c:/program files (x86)/atmel/atmel toolchain/avr8 gcc/native/3.4.1061/avr8-gnu-toolchain/bin/../lib/gcc/avr/4.8.1/avr5\libgcc.a(_udivmodsi4.o)
 .bss           0x00000000        0x0 c:/program files (x86)/atmel/atmel toolchain/avr8 gcc/native/3.4.1061/avr8-gnu-toolchain/bin/../lib/gcc/avr/4.8.1/avr5\libgcc.a(_udivmodsi4.o)
 .text.libgcc.mul
                0x00000000        0x0 c:/program files (x86)/atmel/atmel toolchain/avr8 gcc/native/3.4.1061/avr8-gnu-toolchain/bin/../lib/gcc/avr/4.8.1/avr5\libgcc.a(_udivmodsi4.o)
 .text.libgcc   0x00000000        0x0 c:/program files (x86)/atmel/atmel toolchain/avr8 gcc/native/3.4.1061/avr8-gnu-toolchain/bin/../lib/gcc/avr/4.8.1/avr5\libgcc.a(_udivmodsi4.o)
 .text.libgcc.prologue
                0x00000000        0x0 c:/program files (x86)/atmel/atmel toolchain/avr8 gcc/native/3.4.1061/avr8-gnu-toolchain/bin/../lib/gcc/avr/4.8.1/avr5\libgcc.a(_udivmodsi4.o)
 .text.libgcc.builtins
                0x00000000        0x0 c:/program files (x86)/atmel/atmel toolchain/avr8 gcc/native/3.4.1061/avr8-gnu-toolchain/bin/../lib/gcc/avr/4.8.1/avr5\libgcc.a(_udivmodsi4.o)
 .text.libgcc.fmul
                0x00000000        0x0 c:/program files (x86)/atmel/atmel toolchain/avr8 gcc/native/3.4.1061/avr8-gnu-toolchain/bin/../lib/gcc/avr/4.8.1/avr5\libgcc.a(_udivmodsi4.o)
 .text.libgcc.fixed
                0x00000000        0x0 c:/program files (x86)/atmel/atmel toolchain/avr8 gcc/native/3.4.1061/avr8-gnu-toolchain/bin/../lib/gcc/avr/4.8.1/avr5\libgcc.a(_udivmodsi4.o)
 .text          0x00000000        0x0 c:/program files (x86)/atmel/atmel toolchain/avr8 gcc/native/3.4.1061/avr8-gnu-toolchain/bin/../lib/gcc/avr/4.8.1/avr5\libgcc.a(_exit.o)
 .data          0x00000000        0x0 c:/program files (x86)/atmel/atmel toolchain/avr8 gcc/native/3.4.1061/avr8-gnu-toolchain/bin/../lib/gcc/avr/4.8.1/avr5\libgcc.a(_exit.o)
 .bss           0x00000000        0x0 c:/program files (x86)/atmel/atmel toolchain/avr8 gcc/native/3.4.1061/avr8-gnu-toolchain/bin/../lib/gcc/avr/4.8.1/avr5\libgcc.a(_exit.o)
 .text.libgcc.mul
                0x00000000        0x0 c:/program files (x86)/atmel/atmel toolchain/avr8 gcc/native/3.4.1061/avr8-gnu-toolchain/bin/../lib/gcc/avr/4.8.1/avr5\libgcc.a(_exit.o)
 .text.libgcc.div
                0x00000000        0x0 c:/program files (x86)/atmel/atmel toolchain/avr8 gcc/native/3.4.1061/avr8-gnu-toolchain/bin/../lib/gcc/avr/4.8.1/avr5\libgcc.a(_exit.o)
 .text.libgcc   0x00000000        0x0 c:/program files (x86)/atmel/atmel toolchain/avr8 gcc/native/3.4.1061/avr8-gnu-toolchain/bin/../lib/gcc/avr/4.8.1/avr5\libgcc.a(_exit.o)
 .text.libgcc.prologue
                0x00000000        0x0 c:/program files (x86)/atmel/atmel toolchain/avr8 gcc/native/3.4.1061/avr8-gnu-toolchain/bin/../lib/gcc/avr/4.8.1/avr5\libgcc.a(_exit.o)
 .text.libgcc.builtins
                0x00000000        0x0 c:/program files (x86)/atmel/atmel toolchain/avr8 gcc/native/3.4.1061/avr8-gnu-toolchain/bin/../lib/gcc/avr/4.8.1/avr5\libgcc.a(_exit.o)
 .text.libgcc.fmul
                0x00000000        0x0 c:/program files (x86)/atmel/atmel toolchain/avr8 gcc/native/3.4.1061/avr8-gnu-toolchain/bin/../lib/gcc/avr/4.8.1/avr5\libgcc.a(_exit.o)
 .text.libgcc.fixed
                0x00000000        0x0 c:/program files (x86)/atmel/atmel toolchain/avr8 gcc/native/3.4.1061/avr8-gnu-toolchain/bin/../lib/gcc/avr/4.8.1/avr5\libgcc.a(_exit.o)
 .text          0x00000000        0x0 c:/program files (x86)/atmel/atmel toolchain/avr8 gcc/native/3.4.1061/avr8-gnu-toolchain/bin/../lib/gcc/avr/4.8.1/avr5\libgcc.a(_copy_data.o)
 .data          0x00000000        0x0 c:/program files (x86)/atmel/atmel toolchain/avr8 gcc/native/3.4.1061/avr8-gnu-toolchain/bin/../lib/gcc/avr/4.8.1/avr5\libgcc.a(_copy_data.o)
 .bss           0x00000000        0x0 c:/program files (x86)/atmel/atmel toolchain/avr8 gcc/native/3.4.1061/avr8-gnu-toolchain/bin/../lib/gcc/avr/4.8.1/avr5\libgcc.a(_copy_data.o)
 .text.libgcc.mul
                0x00000000        0x0 c:/program files (x86)/atmel/atmel toolchain/avr8 gcc/native/3.4.1061/avr8-gnu-toolchain/bin/../lib/gcc/avr/4.8.1/avr5\libgcc.a(_copy_data.o)
 .text.libgcc.div
                0x00000000        0x0 c:/program files (x86)/atmel/atmel toolchain/avr8 gcc/native/3.4.1061/avr8-gnu-toolchain/bin/../lib/gcc/avr/4.8.1/avr5\libgcc.a(_copy_data.o)
 .text.libgcc   0x00000000        0x0 c:/program files (x86)/atmel/atmel toolchain/avr8 gcc/native/3.4.1061/avr8-gnu-toolchain/bin/../lib/gcc/avr/4.8.1/avr5\libgcc.a(_copy_data.o)
 .text.libgcc.prologue
                0x00000000        0x0 c:/program files (x86)/atmel/atmel toolchain/avr8 gcc/native/3.4.1061/avr8-gnu-toolchain/bin/../lib/gcc/avr/4.8.1/avr5\libgcc.a(_copy_data.o)
 .text.libgcc.builtins
                0x00000000        0x0 c:/program files (x86)/atmel/atmel toolchain/avr8 gcc/native/3.4.1061/avr8-gnu-toolchain/bin/../lib/gcc/avr/4.8.1/avr5\libgcc.a(_copy_data.o)
 .text.libgcc.fmul
                0x00000000        0x0 c:/program files (x86)/atmel/atmel toolchain/avr8 gcc/native/3.4.1061/avr8-gnu-toolchain/bin/../lib/gcc/avr/4.8.1/avr5\libgcc.a(_copy_data.o)
 .text.libgcc.fixed
                0x00000000        0x0 c:/program files (x86)/atmel/atmel toolchain/avr8 gcc/native/3.4.1061/avr8-gnu-toolchain/bin/../lib/gcc/avr/4.8.1/avr5\libgcc.a(_copy_data.o)
 .text          0x00000000        0x0 c:/program files (x86)/atmel/atmel toolchain/avr8 gcc/native/3.4.1061/avr8-gnu-toolchain/bin/../lib/gcc/avr/4.8.1/avr5\libgcc.a(_clear_bss.o)
 .data          0x00000000        0x0 c:/program files (x86)/atmel/atmel toolchain/avr8 gcc/native/3.4.1061/avr8-gnu-toolchain/bin/../lib/gcc/avr/4.8.1/avr5\libgcc.a(_clear_bss.o)
 .bss           0x00000000        0x0 c:/program files (x86)/atmel/atmel toolchain/avr8 gcc/native/3.4.1061/avr8-gnu-toolchain/bin/../lib/gcc/avr/4.8.1/avr5\libgcc.a(_clear_bss.o)
 .text.libgcc.mul
                0x00000000        0x0 c:/program files (x86)/atmel/atmel toolchain/avr8 gcc/native/3.4.1061/avr8-gnu-toolchain/bin/../lib/gcc/avr/4.8.1/avr5\libgcc.a(_clear_bss.o)
 .text.libgcc.div
                0x00000000        0x0 c:/program files (x86)/atmel/atmel toolchain/avr8 gcc/native/3.4.1061/avr8-gnu-toolchain/bin/../lib/gcc/avr/4.8.1/avr5\libgcc.a(_clear_bss.o)
 .text.libgcc   0x00000000        0x0 c:/program files (x86)/atmel/atmel toolchain/avr8 gcc/native/3.4.1061/avr8-gnu-toolchain/bin/../lib/gcc/avr/4.8.1/avr5\libgcc.a(_clear_bss.o)
 .text.libgcc.prologue
                0x00000000        0x0 c:/program files (x86)/atmel/atmel toolchain/avr8 gcc/native/3.4.1061/avr8-gnu-toolchain/bin/../lib/gcc/avr/4.8.1/avr5\libgcc.a(_clear_bss.o)
 .text.libgcc.builtins
                0x00000000        0x0 c:/program files (x86)/atmel/atmel toolchain/avr8 gcc/native/3.4.1061/avr8-gnu-toolchain/bin/../lib/gcc/avr/4.8.1/avr5\libgcc.a(_clear_bss.o)
 .text.libgcc.fmul
                0x00000000        0x0 c:/program files (x86)/atmel/atmel toolchain/avr8 gcc/native/3.4.1061/avr8-gnu-toolchain/bin/../lib/gcc/avr/4.8.1/avr5\libgcc.a(_clear_bss.o)
 .text.libgcc.fixed
                0x00000000        0x0 c:/program files (x86)/atmel/atmel toolchain/avr8 gcc/native/3.4.1061/avr8-gnu-toolchain/bin/../lib/gcc/avr/4.8.1/avr5\libgcc.a(_clear_bss.o)
 .text          0x00000000        0x0 c:/program files (x86)/atmel/atmel toolchain/avr8 gcc/native/3.4.1061/avr8-gnu-toolchain/bin/../lib/gcc/avr/4.8.1/../../../../avr/lib/avr5\libc.a(memcpy.o)
 .data          0x00000000        0x0 c:/program files (x86)/atmel/atmel toolchain/avr8 gcc/native/3.4.1061/avr8-gnu-toolchain/bin/../lib/gcc/avr/4.8.1/../../../../avr/lib/avr5\libc.a(memcpy.o)
 .bss           0x00000000        0x0 c:/program files (x86)/atmel/atmel toolchain/avr8 gcc/native/3.4.1061/avr8-gnu-toolchain/bin/../lib/gcc/avr/4.8.1/../../../../avr/lib/avr5\libc.a(memcpy.o)
 .text          0x00000000        0x0 c:/program files (x86)/atmel/atmel toolchain/avr8 gcc/native/3.4.1061/avr8-gnu-toolchain/bin/../lib/gcc/avr/4.8.1/../../../../avr/lib/avr5\libc.a(memset.o)
 .data          0x00000000        0x0 c:/program files (x86)/atmel/atmel toolchain/avr8 gcc/native/3.4.1061/avr8-gnu-toolchain/bin/../lib/gcc/avr/4.8.1/../../../../avr/lib/avr5\libc.a(memset.o)
 .bss           0x00000000        0x0 c:/program files (x86)/atmel/atmel toolchain/avr8 gcc/native/3.4.1061/avr8-gnu-toolchain/bin/../lib/gcc/avr/4.8.1/../../../../avr/lib/avr5\libc.a(memset.o)
 .text          0x00000000        0x0 c:/program files (x86)/atmel/atmel toolchain/avr8 gcc/native/3.4.1061/avr8-gnu-toolchain/bin/../lib/gcc/avr/4.8.1/../../../../avr/lib/avr5\libc.a(sprintf.o)
 .data          0x00000000        0x0 c:/program files (x86)/atmel/atmel toolchain/avr8 gcc/native/3.4.1061/avr8-gnu-toolchain/bin/../lib/gcc/avr/4.8.1/../../../../avr/lib/avr5\libc.a(sprintf.o)
 .bss           0x00000000        0x0 c:/program files (x86)/atmel/atmel toolchain/avr8 gcc/native/3.4.1061/avr8-gnu-toolchain/bin/../lib/gcc/avr/4.8.1/../../../../avr/lib/avr5\libc.a(sprintf.o)
 .text.avr-libc
                0x00000000       0x44 c:/program files (x86)/atmel/atmel toolchain/avr8 gcc/native/3.4.1061/avr8-gnu-toolchain/bin/../lib/gcc/avr/4.8.1/../../../../avr/lib/avr5\libc.a(sprintf.o)
 .comment       0x00000000       0x31 c:/program files (x86)/atmel/atmel toolchain/avr8 gcc/native/3.4.1061/avr8-gnu-toolchain/bin/../lib/gcc/avr/4.8.1/../../../../avr/lib/avr5\libc.a(sprintf.o)
 .text          0x00000000        0x0 c:/program files (x86)/atmel/atmel toolchain/avr8 gcc/native/3.4.1061/avr8-gnu-toolchain/bin/../lib/gcc/avr/4.8.1/../../../../avr/lib/avr5\libc.a(vfprintf_std.o)
 .data          0x00000000        0x0 c:/program files (x86)/atmel/atmel toolchain/avr8 gcc/native/3.4.1061/avr8-gnu-toolchain/bin/../lib/gcc/avr/4.8.1/../../../../avr/lib/avr5\libc.a(vfprintf_std.o)
 .bss           0x00000000        0x0 c:/program files (x86)/atmel/atmel toolchain/avr8 gcc/native/3.4.1061/avr8-gnu-toolchain/bin/../lib/gcc/avr/4.8.1/../../../../avr/lib/avr5\libc.a(vfprintf_std.o)
 .text.avr-libc
                0x00000000      0x3a4 c:/program files (x86)/atmel/atmel toolchain/avr8 gcc/native/3.4.1061/avr8-gnu-toolchain/bin/../lib/gcc/avr/4.8.1/../../../../avr/lib/avr5\libc.a(vfprintf_std.o)
 .comment       0x00000000       0x2d c:/program files (x86)/atmel/atmel toolchain/avr8 gcc/native/3.4.1061/avr8-gnu-toolchain/bin/../lib/gcc/avr/4.8.1/../../../../avr/lib/avr5\libc.a(vfprintf_std.o)
 .text          0x00000000        0x0 c:/program files (x86)/atmel/atmel toolchain/avr8 gcc/native/3.4.1061/avr8-gnu-toolchain/bin/../lib/gcc/avr/4.8.1/../../../../avr/lib/avr5\libc.a(eerd_block_atmega328p.o)
 .data          0x00000000        0x0 c:/program files (x86)/atmel/atmel toolchain/avr8 gcc/native/3.4.1061/avr8-gnu-toolchain/bin/../lib/gcc/avr/4.8.1/../../../../avr/lib/avr5\libc.a(eerd_block_atmega328p.o)
 .bss           0x00000000        0x0 c:/program files (x86)/atmel/atmel toolchain/avr8 gcc/native/3.4.1061/avr8-gnu-toolchain/bin/../lib/gcc/avr/4.8.1/../../../../avr/lib/avr5\libc.a(eerd_block_atmega328p.o)
 .text.avr-libc
                0x00000000       0x20 c:/program files (x86)/atmel/atmel toolchain/avr8 gcc/native/3.4.1061/avr8-gnu-toolchain/bin/../lib/gcc/avr/4.8.1/../../../../avr/lib/avr5\libc.a(eerd_block_atmega328p.o)
 .text          0x00000000        0x0 c:/program files (x86)/atmel/atmel toolchain/avr8 gcc/native/3.4.1061/avr8-gnu-toolchain/bin/../lib/gcc/avr/4.8.1/../../../../avr/lib/avr5\libc.a(eewr_byte_atmega328p.o)
 .data          0x00000000        0x0 c:/program files (x86)/atmel/atmel toolchain/avr8 gcc/native/3.4.1061/avr8-gnu-toolchain/bin/../lib/gcc/avr/4.8.1/../../../../avr/lib/avr5\libc.a(eewr_byte_atmega328p.o)
 .bss           0x00000000        0x0 c:/program files (x86)/atmel/atmel toolchain/avr8 gcc/native/3.4.1061/avr8-gnu-toolchain/bin/../lib/gcc/avr/4.8.1/../../../../avr/lib/avr5\libc.a(eewr_byte_atmega328p.o)
 .text.avr-libc
                0x00000000       0x1c c:/program files (x86)/atmel/atmel toolchain/avr8 gcc/native/3.4.1061/avr8-gnu-toolchain/bin/../lib/gcc/avr/4.8.1/../../../../avr/lib/avr5\libc.a(eewr_byte_atmega328p.o)
 .text          0x00000000        0x0 c:/program files (x86)/atmel/atmel toolchain/avr8 gcc/native/3.4.1061/avr8-gnu-toolchain/bin/../lib/gcc/avr/4.8.1/../../../../avr/lib/avr5\libc.a(strnlen_P.o)
 .data          0x00000000        0x0 c:/program files (x86)/atmel/atmel toolchain/avr8 gcc/native/3.4.1061/avr8-gnu-toolchain/bin/../lib/gcc/avr/4.8.1/../../../../avr/lib/avr5\libc.a(strnlen_P.o)
 .bss           0x00000000        0x0 c:/program files (x86)/atmel/atmel toolchain/avr8 gcc/native/3.4.1061/avr8-gnu-toolchain/bin/../lib/gcc/avr/4.8.1/../../../../avr/lib/avr5\libc.a(strnlen_P.o)
 .text.avr-libc
                0x00000000       0x16 c:/program files (x86)/atmel/atmel toolchain/avr8 gcc/native/3.4.1061/avr8-gnu-toolchain/bin/../lib/gcc/avr/4.8.1/../../../../avr/lib/avr5\libc.a(strnlen_P.o)
 .text          0x00000000        0x0 c:/program files (x86)/atmel/atmel toolchain/avr8 gcc/native/3.4.1061/avr8-gnu-toolchain/bin/../lib/gcc/avr/4.8.1/../../../../avr/lib/avr5\libc.a(strnlen.o)
 .data          0x00000000        0x0 c:/program files (x86)/atmel/atmel toolchain/avr8 gcc/native/3.4.1061/avr8-gnu-toolchain/bin/../lib/gcc/avr/4.8.1/../../../../avr/lib/avr5\libc.a(strnlen.o)
 .bss           0x00000000        0x0 c:/program files (x86)/atmel/atmel toolchain/avr8 gcc/native/3.4.1061/avr8-gnu-toolchain/bin/../lib/gcc/avr/4.8.1/../../../../avr/lib/avr5\libc.a(strnlen.o)
 .text.avr-libc
                0x00000000       0x16 c:/program files (x86)/atmel/atmel toolchain/avr8 gcc/native/3.4.1061/avr8-gnu-toolchain/bin/../lib/gcc/avr/4.8.1/../../../../avr/lib/avr5\libc.a(strnlen.o)
 .text          0x00000000        0x0 c:/program files (x86)/atmel/atmel toolchain/avr8 gcc/native/3.4.1061/avr8-gnu-toolchain/bin/../lib/gcc/avr/4.8.1/../../../../avr/lib/avr5\libc.a(fputc.o)
 .data          0x00000000        0x0 c:/program files (x86)/atmel/atmel toolchain/avr8 gcc/native/3.4.1061/avr8-gnu-toolchain/bin/../lib/gcc/avr/4.8.1/../../../../avr/lib/avr5\libc.a(fputc.o)
 .bss           0x00000000        0x0 c:/program files (x86)/atmel/atmel toolchain/avr8 gcc/native/3.4.1061/avr8-gnu-toolchain/bin/../lib/gcc/avr/4.8.1/../../../../avr/lib/avr5\libc.a(fputc.o)
 .text.avr-libc
                0x00000000       0x64 c:/program files (x86)/atmel/atmel toolchain/avr8 gcc/native/3.4.1061/avr8-gnu-toolchain/bin/../lib/gcc/avr/4.8.1/../../../../avr/lib/avr5\libc.a(fputc.o)
 .comment       0x00000000       0x31 c:/program files (x86)/atmel/atmel toolchain/avr8 gcc/native/3.4.1061/avr8-gnu-toolchain/bin/../lib/gcc/avr/4.8.1/../../../../avr/lib/avr5\libc.a(fputc.o)
 .text          0x00000000        0x0 c:/program files (x86)/atmel/atmel toolchain/avr8 gcc/native/3.4.1061/avr8-gnu-toolchain/bin/../lib/gcc/avr/4.8.1/../../../../avr/lib/avr5\libc.a(ultoa_invert.o)
 .data          0x00000000        0x0 c:/program files (x86)/atmel/atmel toolchain/avr8 gcc/native/3.4.1061/avr8-gnu-toolchain/bin/../lib/gcc/avr/4.8.1/../../../../avr/lib/avr5\libc.a(ultoa_invert.o)
 .bss           0x00000000        0x0 c:/program files (x86)/atmel/atmel toolchain/avr8 gcc/native/3.4.1061/avr8-gnu-toolchain/bin/../lib/gcc/avr/4.8.1/../../../../avr/lib/avr5\libc.a(ultoa_invert.o)
 .text.avr-libc
                0x00000000       0xbc c:/program files (x86)/atmel/atmel toolchain/avr8 gcc/native/3.4.1061/avr8-gnu-toolchain/bin/../lib/gcc/avr/4.8.1/../../../../avr/lib/avr5\libc.a(ultoa_invert.o)
 .text          0x00000000        0x0 c:/program files (x86)/atmel/atmel toolchain/avr8 gcc/native/3.4.1061/avr8-gnu-toolchain/bin/../lib/gcc/avr/4.8.1/avr5\libgcc.a(_prologue.o)
 .data          0x00000000        0x0 c:/program files (x86)/atmel/atmel toolchain/avr8 gcc/native/3.4.1061/avr8-gnu-toolchain/bin/../lib/gcc/avr/4.8.1/avr5\libgcc.a(_prologue.o)
 .bss           0x00000000        0x0 c:/program files (x86)/atmel/atmel toolchain/avr8 gcc/native/3.4.1061/avr8-gnu-toolchain/bin/../lib/gcc/avr/4.8.1/avr5\libgcc.a(_prologue.o)
 .text.libgcc.mul
                0x00000000        0x0 c:/program files (x86)/atmel/atmel toolchain/avr8 gcc/native/3.4.1061/avr8-gnu-toolchain/bin/../lib/gcc/avr/4.8.1/avr5\libgcc.a(_prologue.o)
 .text.libgcc.div
                0x00000000        0x0 c:/program files (x86)/atmel/atmel toolchain/avr8 gcc/native/3.4.1061/avr8-gnu-toolchain/bin/../lib/gcc/avr/4.8.1/avr5\libgcc.a(_prologue.o)
 .text.libgcc   0x00000000        0x0 c:/program files (x86)/atmel/atmel toolchain/avr8 gcc/native/3.4.1061/avr8-gnu-toolchain/bin/../lib/gcc/avr/4.8.1/avr5\libgcc.a(_prologue.o)
 .text.libgcc.prologue
                0x00000000       0x38 c:/program files (x86)/atmel/atmel toolchain/avr8 gcc/native/3.4.1061/avr8-gnu-toolchain/bin/../lib/gcc/avr/4.8.1/avr5\libgcc.a(_prologue.o)
 .text.libgcc.builtins
                0x00000000        0x0 c:/program files (x86)/atmel/atmel toolchain/avr8 gcc/native/3.4.1061/avr8-gnu-toolchain/bin/../lib/gcc/avr/4.8.1/avr5\libgcc.a(_prologue.o)
 .text.libgcc.fmul
                0x00000000        0x0 c:/program files (x86)/atmel/atmel toolchain/avr8 gcc/native/3.4.1061/avr8-gnu-toolchain/bin/../lib/gcc/avr/4.8.1/avr5\libgcc.a(_prologue.o)
 .text.libgcc.fixed
                0x00000000        0x0 c:/program files (x86)/atmel/atmel toolchain/avr8 gcc/native/3.4.1061/avr8-gnu-toolchain/bin/../lib/gcc/avr/4.8.1/avr5\libgcc.a(_prologue.o)
 .text          0x00000000        0x0 c:/program files (x86)/atmel/atmel toolchain/avr8 gcc/native/3.4.1061/avr8-gnu-toolchain/bin/../lib/gcc/avr/4.8.1/avr5\libgcc.a(_epilogue.o)
 .data          0x00000000        0x0 c:/program files (x86)/atmel/atmel toolchain/avr8 gcc/native/3.4.1061/avr8-gnu-toolchain/bin/../lib/gcc/avr/4.8.1/avr5\libgcc.a(_epilogue.o)
 .bss           0x00000000        0x0 c:/program files (x86)/atmel/atmel toolchain/avr8 gcc/native/3.4.1061/avr8-gnu-toolchain/bin/../lib/gcc/avr/4.8.1/avr5\libgcc.a(_epilogue.o)
 .text.libgcc.mul
                0x00000000        0x0 c:/program files (x86)/atmel/atmel toolchain/avr8 gcc/native/3.4.1061/avr8-gnu-toolchain/bin/../lib/gcc/avr/4.8.1/avr5\libgcc.a(_epilogue.o)
 .text.libgcc.div
                0x00000000        0x0 c:/program files (x86)/atmel/atmel toolchain/avr8 gcc/native/3.4.1061/avr8-gnu-toolchain/bin/../lib/gcc/avr/4.8.1/avr5\libgcc.a(_epilogue.o)
 .text.libgcc   0x00000000        0x0 c:/program files (x86)/atmel/atmel toolchain/avr8 gcc/native/3.4.1061/avr8-gnu-toolchain/bin/../lib/gcc/avr/4.8.1/avr5\libgcc.a(_epilogue.o)
 .text.libgcc.prologue
                0x00000000       0x36 c:/program files (x86)/atmel/atmel toolchain/avr8 gcc/native/3.4.1061/avr8-gnu-toolchain/bin/../lib/gcc/avr/4.8.1/avr5\libgcc.a(_epilogue.o)
 .text.libgcc.builtins
                0x00000000        0x0 c:/program files (x86)/atmel/atmel toolchain/avr8 gcc/native/3.4.1061/avr8-gnu-toolchain/bin/../lib/gcc/avr/4.8.1/avr5\libgcc.a(_epilogue.o)
 .text.libgcc.fmul
                0x00000000        0x0 c:/program files (x86)/atmel/atmel toolchain/avr8 gcc/native/3.4.1061/avr8-gnu-toolchain/bin/../lib/gcc/avr/4.8.1/avr5\libgcc.a(_epilogue.o)
 .text.libgcc.fixed
                0x00000000        0x0 c:/program files (x86)/atmel/atmel toolchain/avr8 gcc/native/3.4.1061/avr8-gnu-toolchain/bin/../lib/gcc/avr/4.8.1/avr5\libgcc.a(_epilogue.o)

Memory Configuration

Name             Origin             Length             Attributes
text             0x00000000         0x00020000         xr
data             0x00800060         0x0000ffa0         rw !x
eeprom           0x00810000         0x00010000         rw !x
fuse             0x00820000         0x00000400         rw !x
lock             0x00830000         0x00000400         rw !x
signature        0x00840000         0x00000400         rw !x
user_signatures  0x00850000         0x00000400         rw !x
*default*        0x00000000         0xffffffff

Linker script and memory map

Address of section .data set to 0x800100
LOAD c:/program files (x86)/atmel/atmel toolchain/avr8 gcc/native/3.4.1061/avr8-gnu-toolchain/bin/../lib/gcc/avr/4.8.1/../../../../avr/lib/avr5/crtm328p.o
LOAD Drivers/Motor.o
LOAD Drivers/serial.o
LOAD main.o
LOAD RTOS/Source/640port/MemMang/heap_1.o
LOAD RTOS/Source/640port/port.o
LOAD RTOS/Source/croutine.o
LOAD RTOS/Source/list.o
LOAD RTOS/Source/queue.o
LOAD RTOS/Source/tasks.o
LOAD Drivers/flash.o
LOAD Drivers/ZPDC_LED_Peripherals.o
LOAD usart_task.o
START GROUP
LOAD c:/program files (x86)/atmel/atmel toolchain/avr8 gcc/native/3.4.1061/avr8-gnu-toolchain/bin/../lib/gcc/avr/4.8.1/../../../../avr/lib/avr5\libm.a
END GROUP
START GROUP
LOAD c:/program files (x86)/atmel/atmel toolchain/avr8 gcc/native/3.4.1061/avr8-gnu-toolchain/bin/../lib/gcc/avr/4.8.1/avr5\libgcc.a
LOAD c:/program files (x86)/atmel/atmel toolchain/avr8 gcc/native/3.4.1061/avr8-gnu-toolchain/bin/../lib/gcc/avr/4.8.1/../../../../avr/lib/avr5\libm.a
LOAD c:/program files (x86)/atmel/atmel toolchain/avr8 gcc/native/3.4.1061/avr8-gnu-toolchain/bin/../lib/gcc/avr/4.8.1/../../../../avr/lib/avr5\libc.a
END GROUP

.hash
 *(.hash)

.dynsym
 *(.dynsym)

.dynstr
 *(.dynstr)

.gnu.version
 *(.gnu.version)

.gnu.version_d
 *(.gnu.version_d)

.gnu.version_r
 *(.gnu.version_r)

.rel.init
 *(.rel.init)

.rela.init
 *(.rela.init)

.rel.text
 *(.rel.text)
 *(.rel.text.*)
 *(.rel.gnu.linkonce.t*)

.rela.text
 *(.rela.text)
 *(.rela.text.*)
 *(.rela.gnu.linkonce.t*)

.rel.fini
 *(.rel.fini)

.rela.fini
 *(.rela.fini)

.rel.rodata
 *(.rel.rodata)
 *(.rel.rodata.*)
 *(.rel.gnu.linkonce.r*)

.rela.rodata
 *(.rela.rodata)
 *(.rela.rodata.*)
 *(.rela.gnu.linkonce.r*)

.rel.data
 *(.rel.data)
 *(.rel.data.*)
 *(.rel.gnu.linkonce.d*)

.rela.data
 *(.rela.data)
 *(.rela.data.*)
 *(.rela.gnu.linkonce.d*)

.rel.ctors
 *(.rel.ctors)

.rela.ctors
 *(.rela.ctors)

.rel.dtors
 *(.rel.dtors)

.rela.dtors
 *(.rela.dtors)

.rel.got
 *(.rel.got)

.rela.got
 *(.rela.got)

.rel.bss
 *(.rel.bss)

.rela.bss
 *(.rela.bss)

.rel.plt
 *(.rel.plt)

.rela.plt
 *(.rela.plt)

.text           0x00000000     0x34a0
 *(.vectors)
 .vectors       0x00000000       0x68 c:/program files (x86)/atmel/atmel toolchain/avr8 gcc/native/3.4.1061/avr8-gnu-toolchain/bin/../lib/gcc/avr/4.8.1/../../../../avr/lib/avr5/crtm328p.o
                0x00000000                __vector_default
                0x00000000                __vectors
 *(.vectors)
 *(.progmem.gcc*)
                0x00000068                . = ALIGN (0x2)
                0x00000068                __trampolines_start = .
 *(.trampolines)
 .trampolines   0x00000068        0x0 linker stubs
 *(.trampolines*)
                0x00000068                __trampolines_end = .
 *(.progmem*)
                0x00000068                . = ALIGN (0x2)
 *(.jumptables)
 *(.jumptables*)
 *(.lowtext)
 *(.lowtext*)
                0x00000068                __ctors_start = .
 *(.ctors)
                0x00000068                __ctors_end = .
                0x00000068                __dtors_start = .
 *(.dtors)
                0x00000068                __dtors_end = .
 SORT(*)(.ctors)
 SORT(*)(.dtors)
 *(.init0)
 .init0         0x00000068        0x0 c:/program files (x86)/atmel/atmel toolchain/avr8 gcc/native/3.4.1061/avr8-gnu-toolchain/bin/../lib/gcc/avr/4.8.1/../../../../avr/lib/avr5/crtm328p.o
                0x00000068                __init
 *(.init0)
 *(.init1)
 *(.init1)
 *(.init2)
 .init2         0x00000068        0xc c:/program files (x86)/atmel/atmel toolchain/avr8 gcc/native/3.4.1061/avr8-gnu-toolchain/bin/../lib/gcc/avr/4.8.1/../../../../avr/lib/avr5/crtm328p.o
 *(.init2)
 *(.init3)
 *(.init3)
 *(.init4)
 .init4         0x00000074       0x16 c:/program files (x86)/atmel/atmel toolchain/avr8 gcc/native/3.4.1061/avr8-gnu-toolchain/bin/../lib/gcc/avr/4.8.1/avr5\libgcc.a(_copy_data.o)
                0x00000074                __do_copy_data
 .init4         0x0000008a       0x10 c:/program files (x86)/atmel/atmel toolchain/avr8 gcc/native/3.4.1061/avr8-gnu-toolchain/bin/../lib/gcc/avr/4.8.1/avr5\libgcc.a(_clear_bss.o)
                0x0000008a                __do_clear_bss
 *(.init4)
 *(.init5)
 *(.init5)
 *(.init6)
 *(.init6)
 *(.init7)
 *(.init7)
 *(.init8)
 *(.init8)
 *(.init9)
 .init9         0x0000009a        0x8 c:/program files (x86)/atmel/atmel toolchain/avr8 gcc/native/3.4.1061/avr8-gnu-toolchain/bin/../lib/gcc/avr/4.8.1/../../../../avr/lib/avr5/crtm328p.o
 *(.init9)
 *(.text)
 .text          0x000000a2        0x4 c:/program files (x86)/atmel/atmel toolchain/avr8 gcc/native/3.4.1061/avr8-gnu-toolchain/bin/../lib/gcc/avr/4.8.1/../../../../avr/lib/avr5/crtm328p.o
                0x000000a2                __vector_22
                0x000000a2                __vector_1
                0x000000a2                __vector_24
                0x000000a2                __vector_12
                0x000000a2                __bad_interrupt
                0x000000a2                __vector_6
                0x000000a2                __vector_23
                0x000000a2                __vector_25
                0x000000a2                __vector_13
                0x000000a2                __vector_17
                0x000000a2                __vector_7
                0x000000a2                __vector_5
                0x000000a2                __vector_4
                0x000000a2                __vector_9
                0x000000a2                __vector_2
                0x000000a2                __vector_21
                0x000000a2                __vector_15
                0x000000a2                __vector_8
                0x000000a2                __vector_14
                0x000000a2                __vector_10
                0x000000a2                __vector_16
                0x000000a2                __vector_20
                0x000000a6                . = ALIGN (0x2)
 *(.text.*)
 .text.motor_setup
                0x000000a6       0x9c Drivers/Motor.o
                0x000000a6                motor_setup
 .text.vStartMotorTask
                0x00000142       0x80 Drivers/Motor.o
                0x00000142                vStartMotorTask
 .text.vMotorDriveTask
                0x000001c2       0xcc Drivers/Motor.o
 .text.vMotorRampTask
                0x0000028e      0x2e0 Drivers/Motor.o
 .text.getPhaseCode
                0x0000056e       0x1c Drivers/Motor.o
                0x0000056e                getPhaseCode
 .text.__vector_3
                0x0000058a       0x92 Drivers/Motor.o
                0x0000058a                __vector_3
 .text.xSerialPortInitMinimal
                0x0000061c      0x118 Drivers/serial.o
                0x0000061c                xSerialPortInitMinimal
 .text.xSerialGetChar
                0x00000734       0x4c Drivers/serial.o
                0x00000734                xSerialGetChar
 .text.xSerialPutChar
                0x00000780       0x66 Drivers/serial.o
                0x00000780                xSerialPutChar
 .text.__vector_18
                0x000007e6       0x8a Drivers/serial.o
                0x000007e6                __vector_18
 .text.__vector_19
                0x00000870       0xa2 Drivers/serial.o
                0x00000870                __vector_19
 .text.main     0x00000912       0x46 main.o
                0x00000912                main
 .text.vApplicationTickHook
                0x00000958       0x20 main.o
                0x00000958                vApplicationTickHook
 .text.pvPortMalloc
                0x00000978       0xac RTOS/Source/640port/MemMang/heap_1.o
                0x00000978                pvPortMalloc
 .text.vPortFree
                0x00000a24       0x18 RTOS/Source/640port/MemMang/heap_1.o
                0x00000a24                vPortFree
 .text.pxPortInitialiseStack
                0x00000a3c      0x352 RTOS/Source/640port/port.o
                0x00000a3c                pxPortInitialiseStack
 .text.xPortStartScheduler
                0x00000d8e       0x6a RTOS/Source/640port/port.o
                0x00000d8e                xPortStartScheduler
 .text.vPortYield
                0x00000df8       0xb2 RTOS/Source/640port/port.o
                0x00000df8                vPortYield
 .text.vPortYieldFromTick
                0x00000eaa       0xba RTOS/Source/640port/port.o
                0x00000eaa                vPortYieldFromTick
 .text.prvSetupTimerInterrupt
                0x00000f64       0xcc RTOS/Source/640port/port.o
 .text.__vector_11
                0x00001030        0x6 RTOS/Source/640port/port.o
                0x00001030                __vector_11
 .text.vListInitialise
                0x00001036       0x6a RTOS/Source/list.o
                0x00001036                vListInitialise
 .text.vListInitialiseItem
                0x000010a0       0x22 RTOS/Source/list.o
                0x000010a0                vListInitialiseItem
 .text.vListInsertEnd
                0x000010c2       0x9c RTOS/Source/list.o
                0x000010c2                vListInsertEnd
 .text.vListInsert
                0x0000115e       0xf2 RTOS/Source/list.o
                0x0000115e                vListInsert
 .text.uxListRemove
                0x00001250       0xae RTOS/Source/list.o
                0x00001250                uxListRemove
 .text.xQueueGenericReset
                0x000012fe      0x124 RTOS/Source/queue.o
                0x000012fe                xQueueGenericReset
 .text.xQueueGenericCreate
                0x00001422       0xc2 RTOS/Source/queue.o
                0x00001422                xQueueGenericCreate
 .text.xQueueGenericSend
                0x000014e4      0x164 RTOS/Source/queue.o
                0x000014e4                xQueueGenericSend
 .text.xQueueGenericSendFromISR
                0x00001648       0xd6 RTOS/Source/queue.o
                0x00001648                xQueueGenericSendFromISR
 .text.xQueueGenericReceive
                0x0000171e      0x19e RTOS/Source/queue.o
                0x0000171e                xQueueGenericReceive
 .text.xQueueReceiveFromISR
                0x000018bc       0xc2 RTOS/Source/queue.o
                0x000018bc                xQueueReceiveFromISR
 .text.prvCopyDataToQueue
                0x0000197e      0x180 RTOS/Source/queue.o
 .text.prvCopyDataFromQueue
                0x00001afe       0xa0 RTOS/Source/queue.o
 .text.prvUnlockQueue
                0x00001b9e       0xc8 RTOS/Source/queue.o
 .text.prvIsQueueEmpty
                0x00001c66       0x3c RTOS/Source/queue.o
 .text.prvIsQueueFull
                0x00001ca2       0x44 RTOS/Source/queue.o
 .text.vQueueAddToRegistry
                0x00001ce6       0x8c RTOS/Source/queue.o
                0x00001ce6                vQueueAddToRegistry
 .text.xTaskGenericCreate
                0x00001d72      0x1cc RTOS/Source/tasks.o
                0x00001d72                xTaskGenericCreate
 .text.vTaskDelayUntil
                0x00001f3e       0xf2 RTOS/Source/tasks.o
                0x00001f3e                vTaskDelayUntil
 .text.vTaskDelay
                0x00002030       0x6a RTOS/Source/tasks.o
                0x00002030                vTaskDelay
 .text.vTaskSuspend
                0x0000209a       0xc6 RTOS/Source/tasks.o
                0x0000209a                vTaskSuspend
 .text.prvTaskIsTaskSuspended
                0x00002160       0x64 RTOS/Source/tasks.o
 .text.vTaskResume
                0x000021c4       0xce RTOS/Source/tasks.o
                0x000021c4                vTaskResume
 .text.vTaskStartScheduler
                0x00002292       0x76 RTOS/Source/tasks.o
                0x00002292                vTaskStartScheduler
 .text.vTaskSuspendAll
                0x00002308       0x18 RTOS/Source/tasks.o
                0x00002308                vTaskSuspendAll
 .text.xTaskResumeAll
                0x00002320      0x11c RTOS/Source/tasks.o
                0x00002320                xTaskResumeAll
 .text.xTaskGetTickCount
                0x0000243c       0x2e RTOS/Source/tasks.o
                0x0000243c                xTaskGetTickCount
 .text.xTaskIncrementTick
                0x0000246a      0x1ec RTOS/Source/tasks.o
                0x0000246a                xTaskIncrementTick
 .text.vTaskSwitchContext
                0x00002656       0xde RTOS/Source/tasks.o
                0x00002656                vTaskSwitchContext
 .text.vTaskPlaceOnEventList
                0x00002734       0x8c RTOS/Source/tasks.o
                0x00002734                vTaskPlaceOnEventList
 .text.xTaskRemoveFromEventList
                0x000027c0       0xda RTOS/Source/tasks.o
                0x000027c0                xTaskRemoveFromEventList
 .text.vTaskSetTimeOutState
                0x0000289a       0x36 RTOS/Source/tasks.o
                0x0000289a                vTaskSetTimeOutState
 .text.xTaskCheckForTimeOut
                0x000028d0       0xe6 RTOS/Source/tasks.o
                0x000028d0                xTaskCheckForTimeOut
 .text.vTaskMissedYield
                0x000029b6       0x14 RTOS/Source/tasks.o
                0x000029b6                vTaskMissedYield
 .text.prvIdleTask
                0x000029ca       0x20 RTOS/Source/tasks.o
 .text.prvInitialiseTCBVariables
                0x000029ea       0xf2 RTOS/Source/tasks.o
 .text.prvInitialiseTaskLists
                0x00002adc       0x7a RTOS/Source/tasks.o
 .text.prvCheckTasksWaitingTermination
                0x00002b56        0xe RTOS/Source/tasks.o
 .text.prvAddCurrentTaskToDelayedList
                0x00002b64       0x94 RTOS/Source/tasks.o
 .text.prvAllocateTCBAndStack
                0x00002bf8       0x94 RTOS/Source/tasks.o
 .text.prvResetNextTaskUnblockTime
                0x00002c8c       0x5c RTOS/Source/tasks.o
 .text.vStartLEDFlashTasks
                0x00002ce8       0x5a Drivers/flash.o
                0x00002ce8                vStartLEDFlashTasks
 .text.vLEDFlashTask
                0x00002d42       0x84 Drivers/flash.o
 .text.vParTestInitialise
                0x00002dc6       0x40 Drivers/ZPDC_LED_Peripherals.o
                0x00002dc6                vParTestInitialise
 .text.vParTestSetLED
                0x00002e06       0x78 Drivers/ZPDC_LED_Peripherals.o
                0x00002e06                vParTestSetLED
 .text.vParTestToggleLED
                0x00002e7e       0x70 Drivers/ZPDC_LED_Peripherals.o
                0x00002e7e                vParTestToggleLED
 .text.vStartSerialTask
                0x00002eee       0x84 usart_task.o
                0x00002eee                vStartSerialTask
 .text.vWelcomeTask
                0x00002f72       0xe6 usart_task.o
 .text.fnPrintString
                0x00003058       0x84 usart_task.o
                0x00003058                fnPrintString
 .text.avr-libc.fplib
                0x000030dc        0xa c:/program files (x86)/atmel/atmel toolchain/avr8 gcc/native/3.4.1061/avr8-gnu-toolchain/bin/../lib/gcc/avr/4.8.1/../../../../avr/lib/avr5\libm.a(addsf3.o)
                0x000030dc                __subsf3
                0x000030de                __addsf3
 .text.avr-libc.fplib
                0x000030e6       0xc0 c:/program files (x86)/atmel/atmel toolchain/avr8 gcc/native/3.4.1061/avr8-gnu-toolchain/bin/../lib/gcc/avr/4.8.1/../../../../avr/lib/avr5\libm.a(addsf3x.o)
                0x00003100                __addsf3x
 .text.avr-libc.fplib
                0x000031a6        0x8 c:/program files (x86)/atmel/atmel toolchain/avr8 gcc/native/3.4.1061/avr8-gnu-toolchain/bin/../lib/gcc/avr/4.8.1/../../../../avr/lib/avr5\libm.a(cmpsf2.o)
                0x000031a6                __nesf2
                0x000031a6                __eqsf2
                0x000031a6                __cmpsf2
                0x000031a6                __ltsf2
                0x000031a6                __lesf2
 .text.avr-libc.fplib
                0x000031ae       0x58 c:/program files (x86)/atmel/atmel toolchain/avr8 gcc/native/3.4.1061/avr8-gnu-toolchain/bin/../lib/gcc/avr/4.8.1/../../../../avr/lib/avr5\libm.a(fixunssfsi.o)
                0x000031ae                __fixunssfsi
 .text.avr-libc.fplib
                0x00003206       0x7a c:/program files (x86)/atmel/atmel toolchain/avr8 gcc/native/3.4.1061/avr8-gnu-toolchain/bin/../lib/gcc/avr/4.8.1/../../../../avr/lib/avr5\libm.a(floatsisf.o)
                0x00003206                __floatunsisf
                0x0000320a                __floatsisf
 .text.avr-libc.fplib
                0x00003280       0x48 c:/program files (x86)/atmel/atmel toolchain/avr8 gcc/native/3.4.1061/avr8-gnu-toolchain/bin/../lib/gcc/avr/4.8.1/../../../../avr/lib/avr5\libm.a(fp_cmp.o)
                0x00003280                __fp_cmp
 .text.avr-libc.fplib
                0x000032c8        0xc c:/program files (x86)/atmel/atmel toolchain/avr8 gcc/native/3.4.1061/avr8-gnu-toolchain/bin/../lib/gcc/avr/4.8.1/../../../../avr/lib/avr5\libm.a(fp_inf.o)
                0x000032c8                __fp_inf
 .text.avr-libc.fplib
                0x000032d4        0x6 c:/program files (x86)/atmel/atmel toolchain/avr8 gcc/native/3.4.1061/avr8-gnu-toolchain/bin/../lib/gcc/avr/4.8.1/../../../../avr/lib/avr5\libm.a(fp_nan.o)
                0x000032d4                __fp_nan
 .text.avr-libc.fplib
                0x000032da        0xe c:/program files (x86)/atmel/atmel toolchain/avr8 gcc/native/3.4.1061/avr8-gnu-toolchain/bin/../lib/gcc/avr/4.8.1/../../../../avr/lib/avr5\libm.a(fp_pscA.o)
                0x000032da                __fp_pscA
 .text.avr-libc.fplib
                0x000032e8        0xe c:/program files (x86)/atmel/atmel toolchain/avr8 gcc/native/3.4.1061/avr8-gnu-toolchain/bin/../lib/gcc/avr/4.8.1/../../../../avr/lib/avr5\libm.a(fp_pscB.o)
                0x000032e8                __fp_pscB
 .text.avr-libc.fplib
                0x000032f6       0x22 c:/program files (x86)/atmel/atmel toolchain/avr8 gcc/native/3.4.1061/avr8-gnu-toolchain/bin/../lib/gcc/avr/4.8.1/../../../../avr/lib/avr5\libm.a(fp_round.o)
                0x000032f6                __fp_round
 .text.avr-libc.fplib
                0x00003318       0x44 c:/program files (x86)/atmel/atmel toolchain/avr8 gcc/native/3.4.1061/avr8-gnu-toolchain/bin/../lib/gcc/avr/4.8.1/../../../../avr/lib/avr5\libm.a(fp_split3.o)
                0x00003318                __fp_split3
                0x00003328                __fp_splitA
 .text.avr-libc.fplib
                0x0000335c        0xe c:/program files (x86)/atmel/atmel toolchain/avr8 gcc/native/3.4.1061/avr8-gnu-toolchain/bin/../lib/gcc/avr/4.8.1/../../../../avr/lib/avr5\libm.a(fp_zero.o)
                0x0000335c                __fp_zero
                0x0000335e                __fp_szero
 .text.avr-libc.fplib
                0x0000336a        0x8 c:/program files (x86)/atmel/atmel toolchain/avr8 gcc/native/3.4.1061/avr8-gnu-toolchain/bin/../lib/gcc/avr/4.8.1/../../../../avr/lib/avr5\libm.a(gesf2.o)
                0x0000336a                __gesf2
                0x0000336a                __gtsf2
 .text.avr-libc.fplib
                0x00003372        0x4 c:/program files (x86)/atmel/atmel toolchain/avr8 gcc/native/3.4.1061/avr8-gnu-toolchain/bin/../lib/gcc/avr/4.8.1/../../../../avr/lib/avr5\libm.a(mulsf3.o)
                0x00003372                __mulsf3
 .text.avr-libc.fplib
                0x00003376       0xc2 c:/program files (x86)/atmel/atmel toolchain/avr8 gcc/native/3.4.1061/avr8-gnu-toolchain/bin/../lib/gcc/avr/4.8.1/../../../../avr/lib/avr5\libm.a(mulsf3x.o)
                0x0000338a                __mulsf3x
                0x0000338e                __mulsf3_pse
 .text.libgcc.div
                0x00003438       0x44 c:/program files (x86)/atmel/atmel toolchain/avr8 gcc/native/3.4.1061/avr8-gnu-toolchain/bin/../lib/gcc/avr/4.8.1/avr5\libgcc.a(_udivmodsi4.o)
                0x00003438                __udivmodsi4
 .text.avr-libc
                0x0000347c       0x12 c:/program files (x86)/atmel/atmel toolchain/avr8 gcc/native/3.4.1061/avr8-gnu-toolchain/bin/../lib/gcc/avr/4.8.1/../../../../avr/lib/avr5\libc.a(memcpy.o)
                0x0000347c                memcpy
 .text.avr-libc
                0x0000348e        0xe c:/program files (x86)/atmel/atmel toolchain/avr8 gcc/native/3.4.1061/avr8-gnu-toolchain/bin/../lib/gcc/avr/4.8.1/../../../../avr/lib/avr5\libc.a(memset.o)
                0x0000348e                memset
                0x0000349c                . = ALIGN (0x2)
 *(.fini9)
 .fini9         0x0000349c        0x0 c:/program files (x86)/atmel/atmel toolchain/avr8 gcc/native/3.4.1061/avr8-gnu-toolchain/bin/../lib/gcc/avr/4.8.1/avr5\libgcc.a(_exit.o)
                0x0000349c                _exit
                0x0000349c                exit
 *(.fini9)
 *(.fini8)
 *(.fini8)
 *(.fini7)
 *(.fini7)
 *(.fini6)
 *(.fini6)
 *(.fini5)
 *(.fini5)
 *(.fini4)
 *(.fini4)
 *(.fini3)
 *(.fini3)
 *(.fini2)
 *(.fini2)
 *(.fini1)
 *(.fini1)
 *(.fini0)
 .fini0         0x0000349c        0x4 c:/program files (x86)/atmel/atmel toolchain/avr8 gcc/native/3.4.1061/avr8-gnu-toolchain/bin/../lib/gcc/avr/4.8.1/avr5\libgcc.a(_exit.o)
 *(.fini0)
                0x000034a0                _etext = .

.data           0x00800100       0xa0 load address 0x000034a0
                0x00800100                PROVIDE (__data_start, .)
 *(.data)
 *(.data*)
 .data.mtrCW_Rotate
                0x00800100        0x8 Drivers/Motor.o
                0x00800100                mtrCW_Rotate
 .data.intPhase
                0x00800108        0x1 Drivers/Motor.o
                0x00800108                intPhase
 .data.rate     0x00800109        0x4 Drivers/Motor.o
                0x00800109                rate
 .data.xNextTaskUnblockTime
                0x0080010d        0x2 RTOS/Source/tasks.o
 .data.txMode   0x0080010f        0x1 usart_task.o
                0x0080010f                txMode
 .data.txClearReset
                0x00800110        0x7 usart_task.o
                0x00800110                txClearReset
 .data.txStartMessA
                0x00800117       0x16 usart_task.o
                0x00800117                txStartMessA
 .data.txStartMessB
                0x0080012d       0x1c usart_task.o
                0x0080012d                txStartMessB
 .data.txStartMessC
                0x00800149       0x19 usart_task.o
                0x00800149                txStartMessC
 *(.rodata)
 .rodata        0x00800162       0x16 Drivers/Motor.o
 .rodata        0x00800178       0x1c Drivers/serial.o
 .rodata        0x00800194        0x5 RTOS/Source/tasks.o
 .rodata        0x00800199        0x2 Drivers/flash.o
 .rodata        0x0080019b        0x5 usart_task.o
 *(.rodata*)
 *(.gnu.linkonce.d*)
                0x008001a0                . = ALIGN (0x2)
                0x008001a0                _edata = .
                0x008001a0                PROVIDE (__data_end, .)

.bss            0x008001a0      0x710
                0x008001a0                PROVIDE (__bss_start, .)
 *(.bss)
 *(.bss*)
 .bss.motPower  0x008001a0        0x1 Drivers/Motor.o
                0x008001a0                motPower
 .bss.xRxedChars
                0x008001a1        0x2 Drivers/serial.o
 .bss.xCharsForTx
                0x008001a3        0x2 Drivers/serial.o
 .bss.ucHeap    0x008001a5      0x673 RTOS/Source/640port/MemMang/heap_1.o
 .bss.xNextFreeByte
                0x00800818        0x2 RTOS/Source/640port/MemMang/heap_1.o
 .bss.pucAlignedHeap.1837
                0x0080081a        0x2 RTOS/Source/640port/MemMang/heap_1.o
 .bss.pxCurrentTCB
                0x0080081c        0x2 RTOS/Source/tasks.o
                0x0080081c                pxCurrentTCB
 .bss.pxReadyTasksLists
                0x0080081e       0x24 RTOS/Source/tasks.o
 .bss.xDelayedTaskList1
                0x00800842        0x9 RTOS/Source/tasks.o
 .bss.xDelayedTaskList2
                0x0080084b        0x9 RTOS/Source/tasks.o
 .bss.pxDelayedTaskList
                0x00800854        0x2 RTOS/Source/tasks.o
 .bss.pxOverflowDelayedTaskList
                0x00800856        0x2 RTOS/Source/tasks.o
 .bss.xPendingReadyList
                0x00800858        0x9 RTOS/Source/tasks.o
 .bss.xSuspendedTaskList
                0x00800861        0x9 RTOS/Source/tasks.o
 .bss.uxCurrentNumberOfTasks
                0x0080086a        0x1 RTOS/Source/tasks.o
 .bss.xTickCount
                0x0080086b        0x2 RTOS/Source/tasks.o
 .bss.uxTopReadyPriority
                0x0080086d        0x1 RTOS/Source/tasks.o
 .bss.xSchedulerRunning
                0x0080086e        0x1 RTOS/Source/tasks.o
 .bss.uxPendedTicks
                0x0080086f        0x1 RTOS/Source/tasks.o
 .bss.xYieldPending
                0x00800870        0x1 RTOS/Source/tasks.o
 .bss.xNumOfOverflows
                0x00800871        0x1 RTOS/Source/tasks.o
 .bss.uxTaskNumber
                0x00800872        0x1 RTOS/Source/tasks.o
 .bss.uxSchedulerSuspended
                0x00800873        0x1 RTOS/Source/tasks.o
 .bss.ucCurrentOutputValue
                0x00800874        0x1 Drivers/ZPDC_LED_Peripherals.o
 .bss.xPort     0x00800875        0x2 usart_task.o
 *(COMMON)
 COMMON         0x00800877        0x6 Drivers/Motor.o
                0x00800877                VMOtorRamp_Handle
                0x00800879                clkElapsed
                0x0080087b                motor_semaphore
 COMMON         0x0080087d       0x28 RTOS/Source/queue.o
                0x0080087d                xQueueRegistry
 COMMON         0x008008a5        0x4 Drivers/flash.o
                0x008008a5                ledTaskHandle
                0x008008a7                ledTaskRate
 COMMON         0x008008a9        0x7 usart_task.o
                0x008008a9                txWater
                0x008008ae                comTaskHandle
                0x008008b0                PROVIDE (__bss_end, .)
                0x000034a0                __data_load_start = LOADADDR (.data)
                0x00003540                __data_load_end = (__data_load_start + SIZEOF (.data))

.noinit         0x008008b0        0x0
                0x008008b0                PROVIDE (__noinit_start, .)
 *(.noinit*)
                0x008008b0                PROVIDE (__noinit_end, .)
                0x008008b0                _end = .
                0x008008b0                PROVIDE (__heap_start, .)

.eeprom         0x00810000        0x0
 *(.eeprom*)
                0x00810000                __eeprom_end = .

.fuse
 *(.fuse)
 *(.lfuse)
 *(.hfuse)
 *(.efuse)

.lock
 *(.lock*)

.signature
 *(.signature*)

.user_signatures
 *(.user_signatures*)

.stab
 *(.stab)

.stabstr
 *(.stabstr)

.stab.excl
 *(.stab.excl)

.stab.exclstr
 *(.stab.exclstr)

.stab.index
 *(.stab.index)

.stab.indexstr
 *(.stab.indexstr)

.comment        0x00000000       0x30
 *(.comment)
 .comment       0x00000000       0x30 Drivers/Motor.o
                                 0x31 (size before relaxing)
 .comment       0x00000000       0x31 Drivers/serial.o
 .comment       0x00000000       0x31 main.o
 .comment       0x00000000       0x31 RTOS/Source/640port/MemMang/heap_1.o
 .comment       0x00000000       0x31 RTOS/Source/640port/port.o
 .comment       0x00000000       0x31 RTOS/Source/list.o
 .comment       0x00000000       0x31 RTOS/Source/queue.o
 .comment       0x00000000       0x31 RTOS/Source/tasks.o
 .comment       0x00000000       0x31 Drivers/flash.o
 .comment       0x00000000       0x31 Drivers/ZPDC_LED_Peripherals.o
 .comment       0x00000000       0x31 usart_task.o

.note.gnu.build-id
 *(.note.gnu.build-id)

.debug
 *(.debug)

.line
 *(.line)

.debug_srcinfo
 *(.debug_srcinfo)

.debug_sfnames
 *(.debug_sfnames)

.debug_aranges  0x00000000      0x3f0
 *(.debug_aranges)
 .debug_aranges
                0x00000000       0x48 Drivers/Motor.o
 .debug_aranges
                0x00000048       0x48 Drivers/serial.o
 .debug_aranges
                0x00000090       0x30 main.o
 .debug_aranges
                0x000000c0       0x38 RTOS/Source/640port/MemMang/heap_1.o
 .debug_aranges
                0x000000f8       0x50 RTOS/Source/640port/port.o
 .debug_aranges
                0x00000148       0x40 RTOS/Source/list.o
 .debug_aranges
                0x00000188       0xb8 RTOS/Source/queue.o
 .debug_aranges
                0x00000240      0x120 RTOS/Source/tasks.o
 .debug_aranges
                0x00000360       0x28 Drivers/flash.o
 .debug_aranges
                0x00000388       0x30 Drivers/ZPDC_LED_Peripherals.o
 .debug_aranges
                0x000003b8       0x38 usart_task.o

.debug_pubnames
 *(.debug_pubnames)

.debug_info     0x00000000     0x2a32
 *(.debug_info .gnu.linkonce.wi.*)
 .debug_info    0x00000000      0x276 Drivers/Motor.o
 .debug_info    0x00000276      0x2b2 Drivers/serial.o
 .debug_info    0x00000528      0x103 main.o
 .debug_info    0x0000062b      0x170 RTOS/Source/640port/MemMang/heap_1.o
 .debug_info    0x0000079b      0x1e2 RTOS/Source/640port/port.o
 .debug_info    0x0000097d      0x2a9 RTOS/Source/list.o
 .debug_info    0x00000c26      0xa31 RTOS/Source/queue.o
 .debug_info    0x00001657      0xda9 RTOS/Source/tasks.o
 .debug_info    0x00002400      0x15e Drivers/flash.o
 .debug_info    0x0000255e      0x12e Drivers/ZPDC_LED_Peripherals.o
 .debug_info    0x0000268c      0x3a6 usart_task.o

.debug_abbrev   0x00000000      0xb4c
 *(.debug_abbrev)
 .debug_abbrev  0x00000000       0xfb Drivers/Motor.o
 .debug_abbrev  0x000000fb       0xc0 Drivers/serial.o
 .debug_abbrev  0x000001bb       0xa3 main.o
 .debug_abbrev  0x0000025e       0xf0 RTOS/Source/640port/MemMang/heap_1.o
 .debug_abbrev  0x0000034e      0x104 RTOS/Source/640port/port.o
 .debug_abbrev  0x00000452       0xc0 RTOS/Source/list.o
 .debug_abbrev  0x00000512      0x1d6 RTOS/Source/queue.o
 .debug_abbrev  0x000006e8      0x21d RTOS/Source/tasks.o
 .debug_abbrev  0x00000905       0xb5 Drivers/flash.o
 .debug_abbrev  0x000009ba       0x90 Drivers/ZPDC_LED_Peripherals.o
 .debug_abbrev  0x00000a4a      0x102 usart_task.o

.debug_line     0x00000000     0x1850
 *(.debug_line .debug_line.* .debug_line_end)
 .debug_line    0x00000000      0x1e7 Drivers/Motor.o
 .debug_line    0x000001e7      0x190 Drivers/serial.o
 .debug_line    0x00000377      0x132 main.o
 .debug_line    0x000004a9      0x192 RTOS/Source/640port/MemMang/heap_1.o
 .debug_line    0x0000063b      0x1ce RTOS/Source/640port/port.o
 .debug_line    0x00000809      0x16b RTOS/Source/list.o
 .debug_line    0x00000974      0x468 RTOS/Source/queue.o
 .debug_line    0x00000ddc      0x667 RTOS/Source/tasks.o
 .debug_line    0x00001443      0x125 Drivers/flash.o
 .debug_line    0x00001568      0x11f Drivers/ZPDC_LED_Peripherals.o
 .debug_line    0x00001687      0x1c9 usart_task.o

.debug_frame    0x00000000      0xdf4
 *(.debug_frame)
 .debug_frame   0x00000000      0x14c Drivers/Motor.o
 .debug_frame   0x0000014c      0x164 Drivers/serial.o
 .debug_frame   0x000002b0       0x74 main.o
 .debug_frame   0x00000324       0x94 RTOS/Source/640port/MemMang/heap_1.o
 .debug_frame   0x000003b8       0xc4 RTOS/Source/640port/port.o
 .debug_frame   0x0000047c       0xb4 RTOS/Source/list.o
 .debug_frame   0x00000530      0x294 RTOS/Source/queue.o
 .debug_frame   0x000007c4      0x48c RTOS/Source/tasks.o
 .debug_frame   0x00000c50       0x78 Drivers/flash.o
 .debug_frame   0x00000cc8       0x74 Drivers/ZPDC_LED_Peripherals.o
 .debug_frame   0x00000d3c       0xb8 usart_task.o

.debug_str      0x00000000     0x1280
 *(.debug_str)
 .debug_str     0x00000000      0x26f Drivers/Motor.o
                                0x2b3 (size before relaxing)
 .debug_str     0x0000026f      0x108 Drivers/serial.o
                                0x296 (size before relaxing)
 .debug_str     0x00000377       0x45 main.o
                                0x1b6 (size before relaxing)
 .debug_str     0x000003bc       0xb3 RTOS/Source/640port/MemMang/heap_1.o
                                0x1f5 (size before relaxing)
 .debug_str     0x0000046f       0xf8 RTOS/Source/640port/port.o
                                0x266 (size before relaxing)
 .debug_str     0x00000567      0x133 RTOS/Source/list.o
                                0x28a (size before relaxing)
 .debug_str     0x0000069a      0x3d5 RTOS/Source/queue.o
                                0x62f (size before relaxing)
 .debug_str     0x00000a6f      0x61c RTOS/Source/tasks.o
                                0x900 (size before relaxing)
 .debug_str     0x0000108b       0x7b Drivers/flash.o
                                0x206 (size before relaxing)
 .debug_str     0x00001106       0x78 Drivers/ZPDC_LED_Peripherals.o
                                0x1cb (size before relaxing)
 .debug_str     0x0000117e      0x102 usart_task.o
                                0x2fe (size before relaxing)

.debug_loc      0x00000000     0x1cb1
 *(.debug_loc)
 .debug_loc     0x00000000      0x2c1 Drivers/Motor.o
 .debug_loc     0x000002c1      0x31b Drivers/serial.o
 .debug_loc     0x000005dc       0xbe main.o
 .debug_loc     0x0000069a      0x106 RTOS/Source/640port/MemMang/heap_1.o
 .debug_loc     0x000007a0      0x104 RTOS/Source/640port/port.o
 .debug_loc     0x000008a4      0x167 RTOS/Source/list.o
 .debug_loc     0x00000a0b      0x59a RTOS/Source/queue.o
 .debug_loc     0x00000fa5      0x9dc RTOS/Source/tasks.o
 .debug_loc     0x00001981       0xea Drivers/flash.o
 .debug_loc     0x00001a6b       0xcb Drivers/ZPDC_LED_Peripherals.o
 .debug_loc     0x00001b36      0x17b usart_task.o

.debug_macinfo
 *(.debug_macinfo)

.debug_weaknames
 *(.debug_weaknames)

.debug_funcnames
 *(.debug_funcnames)

.debug_typenames
 *(.debug_typenames)

.debug_varnames
 *(.debug_varnames)

.debug_pubtypes
 *(.debug_pubtypes)

.debug_ranges   0x00000000      0x340
 *(.debug_ranges)
 .debug_ranges  0x00000000       0x38 Drivers/Motor.o
 .debug_ranges  0x00000038       0x38 Drivers/serial.o
 .debug_ranges  0x00000070       0x20 main.o
 .debug_ranges  0x00000090       0x28 RTOS/Source/640port/MemMang/heap_1.o
 .debug_ranges  0x000000b8       0x40 RTOS/Source/640port/port.o
 .debug_ranges  0x000000f8       0x30 RTOS/Source/list.o
 .debug_ranges  0x00000128       0xa8 RTOS/Source/queue.o
 .debug_ranges  0x000001d0      0x110 RTOS/Source/tasks.o
 .debug_ranges  0x000002e0       0x18 Drivers/flash.o
 .debug_ranges  0x000002f8       0x20 Drivers/ZPDC_LED_Peripherals.o
 .debug_ranges  0x00000318       0x28 usart_task.o

.debug_macro
 *(.debug_macro)
OUTPUT(RTOS.elf elf32-avr)
LOAD linker stubs
